Component: ARM Compiler 5.06 update 6 (build 750) Tool: armlink [4d35ed]

==============================================================================

Section Cross References

    startup_stm32f103xb.o(RESET) refers to startup_stm32f103xb.o(STACK) for __initial_sp
    startup_stm32f103xb.o(RESET) refers to startup_stm32f103xb.o(.text) for Reset_Handler
    startup_stm32f103xb.o(RESET) refers to stm32f1xx_it.o(i.NMI_Handler) for NMI_Handler
    startup_stm32f103xb.o(RESET) refers to stm32f1xx_it.o(i.HardFault_Handler) for HardFault_Handler
    startup_stm32f103xb.o(RESET) refers to stm32f1xx_it.o(i.MemManage_Handler) for MemManage_Handler
    startup_stm32f103xb.o(RESET) refers to stm32f1xx_it.o(i.BusFault_Handler) for BusFault_Handler
    startup_stm32f103xb.o(RESET) refers to stm32f1xx_it.o(i.UsageFault_Handler) for UsageFault_Handler
    startup_stm32f103xb.o(RESET) refers to stm32f1xx_it.o(i.SVC_Handler) for SVC_Handler
    startup_stm32f103xb.o(RESET) refers to stm32f1xx_it.o(i.DebugMon_Handler) for DebugMon_Handler
    startup_stm32f103xb.o(RESET) refers to stm32f1xx_it.o(i.PendSV_Handler) for PendSV_Handler
    startup_stm32f103xb.o(RESET) refers to stm32f1xx_it.o(i.SysTick_Handler) for SysTick_Handler
    startup_stm32f103xb.o(RESET) refers to stm32f1xx_it.o(i.EXTI9_5_IRQHandler) for EXTI9_5_IRQHandler
    startup_stm32f103xb.o(.text) refers to system_stm32f1xx.o(i.SystemInit) for SystemInit
    startup_stm32f103xb.o(.text) refers to entry.o(.ARM.Collect$$$$00000000) for __main
    inv_mpu.o(i.accel_self_test) refers to inv_mpu.o(i.get_accel_prod_shift) for get_accel_prod_shift
    inv_mpu.o(i.accel_self_test) refers to fflti.o(.text) for __aeabi_i2f
    inv_mpu.o(i.accel_self_test) refers to fscalb.o(.text) for __ARM_scalbnf
    inv_mpu.o(i.accel_self_test) refers to fdiv.o(.text) for __aeabi_fdiv
    inv_mpu.o(i.accel_self_test) refers to fadd.o(.text) for __aeabi_fsub
    inv_mpu.o(i.get_accel_prod_shift) refers to i2c.o(i.Sensors_I2C_ReadRegister) for Sensors_I2C_ReadRegister
    inv_mpu.o(i.get_accel_prod_shift) refers to fmul.o(.text) for __aeabi_fmul
    inv_mpu.o(i.get_accel_prod_shift) refers to inv_mpu.o(.data) for .data
    inv_mpu.o(i.get_st_biases) refers to i2c.o(i.Sensors_I2C_WriteRegister) for Sensors_I2C_WriteRegister
    inv_mpu.o(i.get_st_biases) refers to main.o(i.mdelay) for mdelay
    inv_mpu.o(i.get_st_biases) refers to i2c.o(i.Sensors_I2C_ReadRegister) for Sensors_I2C_ReadRegister
    inv_mpu.o(i.get_st_biases) refers to ldiv.o(.text) for __aeabi_ldivmod
    inv_mpu.o(i.get_st_biases) refers to inv_mpu.o(.data) for .data
    inv_mpu.o(i.gyro_self_test) refers to i2c.o(i.Sensors_I2C_ReadRegister) for Sensors_I2C_ReadRegister
    inv_mpu.o(i.gyro_self_test) refers to fflti.o(.text) for __aeabi_i2f
    inv_mpu.o(i.gyro_self_test) refers to fscalb.o(.text) for __ARM_scalbnf
    inv_mpu.o(i.gyro_self_test) refers to fmul.o(.text) for __aeabi_fmul
    inv_mpu.o(i.gyro_self_test) refers to fdiv.o(.text) for __aeabi_fdiv
    inv_mpu.o(i.gyro_self_test) refers to fadd.o(.text) for __aeabi_fsub
    inv_mpu.o(i.gyro_self_test) refers to inv_mpu.o(.data) for .data
    inv_mpu.o(i.mpu_configure_fifo) refers to inv_mpu.o(i.set_int_enable) for set_int_enable
    inv_mpu.o(i.mpu_configure_fifo) refers to inv_mpu.o(i.mpu_reset_fifo) for mpu_reset_fifo
    inv_mpu.o(i.mpu_configure_fifo) refers to inv_mpu.o(.data) for .data
    inv_mpu.o(i.mpu_get_accel_fsr) refers to inv_mpu.o(.data) for .data
    inv_mpu.o(i.mpu_get_accel_reg) refers to i2c.o(i.Sensors_I2C_ReadRegister) for Sensors_I2C_ReadRegister
    inv_mpu.o(i.mpu_get_accel_reg) refers to main.o(i.get_tick_count) for get_tick_count
    inv_mpu.o(i.mpu_get_accel_reg) refers to inv_mpu.o(.data) for .data
    inv_mpu.o(i.mpu_get_accel_sens) refers to inv_mpu.o(.data) for .data
    inv_mpu.o(i.mpu_get_dmp_state) refers to inv_mpu.o(.data) for .data
    inv_mpu.o(i.mpu_get_fifo_config) refers to inv_mpu.o(.data) for .data
    inv_mpu.o(i.mpu_get_gyro_fsr) refers to inv_mpu.o(.data) for .data
    inv_mpu.o(i.mpu_get_gyro_reg) refers to i2c.o(i.Sensors_I2C_ReadRegister) for Sensors_I2C_ReadRegister
    inv_mpu.o(i.mpu_get_gyro_reg) refers to main.o(i.get_tick_count) for get_tick_count
    inv_mpu.o(i.mpu_get_gyro_reg) refers to inv_mpu.o(.data) for .data
    inv_mpu.o(i.mpu_get_gyro_sens) refers to inv_mpu.o(.data) for .data
    inv_mpu.o(i.mpu_get_int_status) refers to i2c.o(i.Sensors_I2C_ReadRegister) for Sensors_I2C_ReadRegister
    inv_mpu.o(i.mpu_get_int_status) refers to inv_mpu.o(.data) for .data
    inv_mpu.o(i.mpu_get_lpf) refers to inv_mpu.o(.data) for .data
    inv_mpu.o(i.mpu_get_power_state) refers to inv_mpu.o(.data) for .data
    inv_mpu.o(i.mpu_get_sample_rate) refers to inv_mpu.o(.data) for .data
    inv_mpu.o(i.mpu_get_temperature) refers to i2c.o(i.Sensors_I2C_ReadRegister) for Sensors_I2C_ReadRegister
    inv_mpu.o(i.mpu_get_temperature) refers to main.o(i.get_tick_count) for get_tick_count
[...]
    Removing stm32f1xx_hal_tim_ex.o(i.HAL_TIMEx_OCN_Start_IT), (84 bytes).
    Removing stm32f1xx_hal_tim_ex.o(i.HAL_TIMEx_OCN_Stop), (68 bytes).
    Removing stm32f1xx_hal_tim_ex.o(i.HAL_TIMEx_OCN_Stop_DMA), (112 bytes).
    Removing stm32f1xx_hal_tim_ex.o(i.HAL_TIMEx_OCN_Stop_IT), (122 bytes).
    Removing stm32f1xx_hal_tim_ex.o(i.HAL_TIMEx_OnePulseN_Start), (26 bytes).
    Removing stm32f1xx_hal_tim_ex.o(i.HAL_TIMEx_OnePulseN_Start_IT), (46 bytes).
    Removing stm32f1xx_hal_tim_ex.o(i.HAL_TIMEx_OnePulseN_Stop), (68 bytes).
    Removing stm32f1xx_hal_tim_ex.o(i.HAL_TIMEx_OnePulseN_Stop_IT), (88 bytes).
    Removing stm32f1xx_hal_tim_ex.o(i.HAL_TIMEx_PWMN_Start), (36 bytes).
    Removing stm32f1xx_hal_tim_ex.o(i.HAL_TIMEx_PWMN_Start_DMA), (184 bytes).
    Removing stm32f1xx_hal_tim_ex.o(i.HAL_TIMEx_PWMN_Start_IT), (84 bytes).
    Removing stm32f1xx_hal_tim_ex.o(i.HAL_TIMEx_PWMN_Stop), (68 bytes).
    Removing stm32f1xx_hal_tim_ex.o(i.HAL_TIMEx_PWMN_Stop_DMA), (112 bytes).
    Removing stm32f1xx_hal_tim_ex.o(i.HAL_TIMEx_PWMN_Stop_IT), (122 bytes).
    Removing stm32f1xx_hal_tim_ex.o(i.TIMEx_DMACommutationCplt), (16 bytes).
    Removing stm32f1xx_hal_tim_ex.o(i.TIM_CCxNChannelCmd), (22 bytes).
    Removing stm32f1xx_hal_uart.o(.rev16_text), (4 bytes).
    Removing stm32f1xx_hal_uart.o(.revsh_text), (4 bytes).
    Removing stm32f1xx_hal_uart.o(.rrx_text), (6 bytes).
    Removing stm32f1xx_hal_uart.o(i.HAL_HalfDuplex_EnableReceiver), (50 bytes).
    Removing stm32f1xx_hal_uart.o(i.HAL_HalfDuplex_EnableTransmitter), (50 bytes).
    Removing stm32f1xx_hal_uart.o(i.HAL_HalfDuplex_Init), (108 bytes).
    Removing stm32f1xx_hal_uart.o(i.HAL_LIN_Init), (122 bytes).
    Removing stm32f1xx_hal_uart.o(i.HAL_LIN_SendBreak), (46 bytes).
    Removing stm32f1xx_hal_uart.o(i.HAL_MultiProcessor_EnterMuteMode), (46 bytes).
    Removing stm32f1xx_hal_uart.o(i.HAL_MultiProcessor_ExitMuteMode), (46 bytes).
    Removing stm32f1xx_hal_uart.o(i.HAL_MultiProcessor_Init), (130 bytes).
    Removing stm32f1xx_hal_uart.o(i.HAL_UART_Abort), (104 bytes).
    Removing stm32f1xx_hal_uart.o(i.HAL_UART_AbortCpltCallback), (2 bytes).
    Removing stm32f1xx_hal_uart.o(i.HAL_UART_AbortReceive), (68 bytes).
    Removing stm32f1xx_hal_uart.o(i.HAL_UART_AbortReceiveCpltCallback), (2 bytes).
    Removing stm32f1xx_hal_uart.o(i.HAL_UART_AbortReceive_IT), (92 bytes).
    Removing stm32f1xx_hal_uart.o(i.HAL_UART_AbortTransmit), (58 bytes).
    Removing stm32f1xx_hal_uart.o(i.HAL_UART_AbortTransmitCpltCallback), (2 bytes).
    Removing stm32f1xx_hal_uart.o(i.HAL_UART_AbortTransmit_IT), (84 bytes).
    Removing stm32f1xx_hal_uart.o(i.HAL_UART_Abort_IT), (172 bytes).
    Removing stm32f1xx_hal_uart.o(i.HAL_UART_DMAPause), (102 bytes).
    Removing stm32f1xx_hal_uart.o(i.HAL_UART_DMAResume), (94 bytes).
    Removing stm32f1xx_hal_uart.o(i.HAL_UART_DMAStop), (88 bytes).
    Removing stm32f1xx_hal_uart.o(i.HAL_UART_DeInit), (40 bytes).
    Removing stm32f1xx_hal_uart.o(i.HAL_UART_ErrorCallback), (2 bytes).
    Removing stm32f1xx_hal_uart.o(i.HAL_UART_GetError), (4 bytes).
    Removing stm32f1xx_hal_uart.o(i.HAL_UART_GetState), (10 bytes).
    Removing stm32f1xx_hal_uart.o(i.HAL_UART_IRQHandler), (272 bytes).
    Removing stm32f1xx_hal_uart.o(i.HAL_UART_MspDeInit), (2 bytes).
    Removing stm32f1xx_hal_uart.o(i.HAL_UART_MspInit), (2 bytes).
    Removing stm32f1xx_hal_uart.o(i.HAL_UART_Receive), (184 bytes).
    Removing stm32f1xx_hal_uart.o(i.HAL_UART_Receive_DMA), (152 bytes).
    Removing stm32f1xx_hal_uart.o(i.HAL_UART_Receive_IT), (82 bytes).
    Removing stm32f1xx_hal_uart.o(i.HAL_UART_RxCpltCallback), (2 bytes).
    Removing stm32f1xx_hal_uart.o(i.HAL_UART_RxHalfCpltCallback), (2 bytes).
    Removing stm32f1xx_hal_uart.o(i.HAL_UART_Transmit), (186 bytes).
    Removing stm32f1xx_hal_uart.o(i.HAL_UART_Transmit_DMA), (128 bytes).
    Removing stm32f1xx_hal_uart.o(i.HAL_UART_Transmit_IT), (62 bytes).
    Removing stm32f1xx_hal_uart.o(i.HAL_UART_TxCpltCallback), (2 bytes).
    Removing stm32f1xx_hal_uart.o(i.HAL_UART_TxHalfCpltCallback), (2 bytes).
    Removing stm32f1xx_hal_uart.o(i.UART_DMAAbortOnError), (16 bytes).
    Removing stm32f1xx_hal_uart.o(i.UART_DMAError), (74 bytes).
    Removing stm32f1xx_hal_uart.o(i.UART_DMAReceiveCplt), (60 bytes).
    Removing stm32f1xx_hal_uart.o(i.UART_DMARxAbortCallback), (42 bytes).
    Removing stm32f1xx_hal_uart.o(i.UART_DMARxHalfCplt), (10 bytes).
    Removing stm32f1xx_hal_uart.o(i.UART_DMARxOnlyAbortCallback), (20 bytes).
    Removing stm32f1xx_hal_uart.o(i.UART_DMATransmitCplt), (46 bytes).
    Removing stm32f1xx_hal_uart.o(i.UART_DMATxAbortCallback), (42 bytes).
    Removing stm32f1xx_hal_uart.o(i.UART_DMATxHalfCplt), (10 bytes).
    Removing stm32f1xx_hal_uart.o(i.UART_DMATxOnlyAbortCallback), (20 bytes).
    Removing stm32f1xx_hal_uart.o(i.UART_EndRxTransfer), (28 bytes).
    Removing stm32f1xx_hal_uart.o(i.UART_EndTxTransfer), (18 bytes).
    Removing stm32f1xx_hal_uart.o(i.UART_Receive_IT), (150 bytes).
    Removing stm32f1xx_hal_uart.o(i.UART_Transmit_IT), (98 bytes).
    Removing stm32f1xx_hal_uart.o(i.UART_WaitOnFlagUntilTimeout), (100 bytes).
    Removing stm32f1xx_hal.o(.rev16_text), (4 bytes).
    Removing stm32f1xx_hal.o(.revsh_text), (4 bytes).
    Removing stm32f1xx_hal.o(.rrx_text), (6 bytes).
    Removing stm32f1xx_hal.o(i.HAL_DBGMCU_DisableDBGSleepMode), (16 bytes).
    Removing stm32f1xx_hal.o(i.HAL_DBGMCU_DisableDBGStandbyMode), (16 bytes).
    Removing stm32f1xx_hal.o(i.HAL_DBGMCU_DisableDBGStopMode), (16 bytes).
    Removing stm32f1xx_hal.o(i.HAL_DBGMCU_EnableDBGSleepMode), (16 bytes).
    Removing stm32f1xx_hal.o(i.HAL_DBGMCU_EnableDBGStandbyMode), (16 bytes).
    Removing stm32f1xx_hal.o(i.HAL_DBGMCU_EnableDBGStopMode), (16 bytes).
    Removing stm32f1xx_hal.o(i.HAL_DeInit), (32 bytes).
    Removing stm32f1xx_hal.o(i.HAL_Delay), (36 bytes).
    Removing stm32f1xx_hal.o(i.HAL_GetDEVID), (16 bytes).
    Removing stm32f1xx_hal.o(i.HAL_GetHalVersion), (8 bytes).
    Removing stm32f1xx_hal.o(i.HAL_GetREVID), (12 bytes).
    Removing stm32f1xx_hal.o(i.HAL_GetTickFreq), (12 bytes).
    Removing stm32f1xx_hal.o(i.HAL_GetTickPrio), (12 bytes).
    Removing stm32f1xx_hal.o(i.HAL_GetUID), (28 bytes).
    Removing stm32f1xx_hal.o(i.HAL_MspDeInit), (2 bytes).
    Removing stm32f1xx_hal.o(i.HAL_MspInit), (2 bytes).
    Removing stm32f1xx_hal.o(i.HAL_ResumeTick), (14 bytes).
    Removing stm32f1xx_hal.o(i.HAL_SetTickFreq), (28 bytes).
    Removing stm32f1xx_hal.o(i.HAL_SuspendTick), (14 bytes).
    Removing stm32f1xx_hal_rcc.o(.rev16_text), (4 bytes).
    Removing stm32f1xx_hal_rcc.o(.revsh_text), (4 bytes).
    Removing stm32f1xx_hal_rcc.o(.rrx_text), (6 bytes).
    Removing stm32f1xx_hal_rcc.o(i.HAL_RCC_CSSCallback), (2 bytes).
    Removing stm32f1xx_hal_rcc.o(i.HAL_RCC_DeInit), (216 bytes).
    Removing stm32f1xx_hal_rcc.o(i.HAL_RCC_DisableCSS), (12 bytes).
    Removing stm32f1xx_hal_rcc.o(i.HAL_RCC_EnableCSS), (12 bytes).
    Removing stm32f1xx_hal_rcc.o(i.HAL_RCC_GetClockConfig), (64 bytes).
    Removing stm32f1xx_hal_rcc.o(i.HAL_RCC_GetHCLKFreq), (12 bytes).
    Removing stm32f1xx_hal_rcc.o(i.HAL_RCC_GetOscConfig), (144 bytes).
    Removing stm32f1xx_hal_rcc.o(i.HAL_RCC_MCOConfig), (72 bytes).
    Removing stm32f1xx_hal_rcc.o(i.HAL_RCC_NMI_IRQHandler), (24 bytes).
    Removing stm32f1xx_hal_rcc_ex.o(.rev16_text), (4 bytes).
    Removing stm32f1xx_hal_rcc_ex.o(.revsh_text), (4 bytes).
    Removing stm32f1xx_hal_rcc_ex.o(.rrx_text), (6 bytes).
    Removing stm32f1xx_hal_rcc_ex.o(i.HAL_RCCEx_GetPeriphCLKConfig), (44 bytes).
    Removing stm32f1xx_hal_rcc_ex.o(i.HAL_RCCEx_GetPeriphCLKFreq), (200 bytes).
    Removing stm32f1xx_hal_rcc_ex.o(i.HAL_RCCEx_PeriphCLKConfig), (236 bytes).
    Removing stm32f1xx_hal_gpio.o(.rev16_text), (4 bytes).
    Removing stm32f1xx_hal_gpio.o(.revsh_text), (4 bytes).
    Removing stm32f1xx_hal_gpio.o(.rrx_text), (6 bytes).
    Removing stm32f1xx_hal_gpio.o(i.HAL_GPIO_DeInit), (228 bytes).
    Removing stm32f1xx_hal_gpio.o(i.HAL_GPIO_EXTI_Callback), (2 bytes).
    Removing stm32f1xx_hal_gpio.o(i.HAL_GPIO_LockPin), (34 bytes).
    Removing stm32f1xx_hal_gpio.o(i.HAL_GPIO_ReadPin), (10 bytes).
    Removing stm32f1xx_hal_gpio.o(i.HAL_GPIO_TogglePin), (8 bytes).
    Removing stm32f1xx_hal_dma.o(.rev16_text), (4 bytes).
    Removing stm32f1xx_hal_dma.o(.revsh_text), (4 bytes).
    Removing stm32f1xx_hal_dma.o(.rrx_text), (6 bytes).
    Removing stm32f1xx_hal_dma.o(i.DMA_SetConfig), (42 bytes).
    Removing stm32f1xx_hal_dma.o(i.HAL_DMA_Abort), (48 bytes).
    Removing stm32f1xx_hal_dma.o(i.HAL_DMA_Abort_IT), (152 bytes).
    Removing stm32f1xx_hal_dma.o(i.HAL_DMA_DeInit), (92 bytes).
    Removing stm32f1xx_hal_dma.o(i.HAL_DMA_GetError), (4 bytes).
    Removing stm32f1xx_hal_dma.o(i.HAL_DMA_GetState), (6 bytes).
    Removing stm32f1xx_hal_dma.o(i.HAL_DMA_IRQHandler), (340 bytes).
    Removing stm32f1xx_hal_dma.o(i.HAL_DMA_Init), (92 bytes).
    Removing stm32f1xx_hal_dma.o(i.HAL_DMA_PollForTransfer), (532 bytes).
    Removing stm32f1xx_hal_dma.o(i.HAL_DMA_RegisterCallback), (74 bytes).
    Removing stm32f1xx_hal_dma.o(i.HAL_DMA_Start), (80 bytes).
    Removing stm32f1xx_hal_dma.o(i.HAL_DMA_Start_IT), (112 bytes).
    Removing stm32f1xx_hal_dma.o(i.HAL_DMA_UnRegisterCallback), (82 bytes).
    Removing stm32f1xx_hal_cortex.o(.rev16_text), (4 bytes).
    Removing stm32f1xx_hal_cortex.o(.revsh_text), (4 bytes).
    Removing stm32f1xx_hal_cortex.o(.rrx_text), (6 bytes).
    Removing stm32f1xx_hal_cortex.o(i.HAL_NVIC_ClearPendingIRQ), (22 bytes).
    Removing stm32f1xx_hal_cortex.o(i.HAL_NVIC_DisableIRQ), (22 bytes).
    Removing stm32f1xx_hal_cortex.o(i.HAL_NVIC_GetActive), (32 bytes).
    Removing stm32f1xx_hal_cortex.o(i.HAL_NVIC_GetPendingIRQ), (32 bytes).
    Removing stm32f1xx_hal_cortex.o(i.HAL_NVIC_GetPriority), (82 bytes).
    Removing stm32f1xx_hal_cortex.o(i.HAL_NVIC_GetPriorityGrouping), (16 bytes).
    Removing stm32f1xx_hal_cortex.o(i.HAL_NVIC_SetPendingIRQ), (22 bytes).
    Removing stm32f1xx_hal_cortex.o(i.HAL_NVIC_SystemReset), (36 bytes).
    Removing stm32f1xx_hal_cortex.o(i.HAL_SYSTICK_CLKSourceConfig), (24 bytes).
    Removing stm32f1xx_hal_cortex.o(i.HAL_SYSTICK_Callback), (2 bytes).
    Removing stm32f1xx_hal_cortex.o(i.HAL_SYSTICK_IRQHandler), (8 bytes).
    Removing stm32f1xx_hal_pwr.o(.rev16_text), (4 bytes).
    Removing stm32f1xx_hal_pwr.o(.revsh_text), (4 bytes).
    Removing stm32f1xx_hal_pwr.o(.rrx_text), (6 bytes).
    Removing stm32f1xx_hal_pwr.o(i.HAL_PWR_ConfigPVD), (124 bytes).
    Removing stm32f1xx_hal_pwr.o(i.HAL_PWR_DeInit), (24 bytes).
    Removing stm32f1xx_hal_pwr.o(i.HAL_PWR_DisableBkUpAccess), (12 bytes).
    Removing stm32f1xx_hal_pwr.o(i.HAL_PWR_DisablePVD), (12 bytes).
    Removing stm32f1xx_hal_pwr.o(i.HAL_PWR_DisableSEVOnPend), (16 bytes).
    Removing stm32f1xx_hal_pwr.o(i.HAL_PWR_DisableSleepOnExit), (16 bytes).
    Removing stm32f1xx_hal_pwr.o(i.HAL_PWR_DisableWakeUpPin), (28 bytes).
    Removing stm32f1xx_hal_pwr.o(i.HAL_PWR_EnableBkUpAccess), (12 bytes).
    Removing stm32f1xx_hal_pwr.o(i.HAL_PWR_EnablePVD), (12 bytes).
    Removing stm32f1xx_hal_pwr.o(i.HAL_PWR_EnableSEVOnPend), (16 bytes).
    Removing stm32f1xx_hal_pwr.o(i.HAL_PWR_EnableSleepOnExit), (16 bytes).
    Removing stm32f1xx_hal_pwr.o(i.HAL_PWR_EnableWakeUpPin), (28 bytes).
    Removing stm32f1xx_hal_pwr.o(i.HAL_PWR_EnterSLEEPMode), (32 bytes).
    Removing stm32f1xx_hal_pwr.o(i.HAL_PWR_EnterSTANDBYMode), (32 bytes).
    Removing stm32f1xx_hal_pwr.o(i.HAL_PWR_EnterSTOPMode), (68 bytes).
    Removing stm32f1xx_hal_pwr.o(i.HAL_PWR_PVDCallback), (2 bytes).
    Removing stm32f1xx_hal_pwr.o(i.HAL_PWR_PVD_IRQHandler), (28 bytes).
    Removing stm32f1xx_hal_pwr.o(i.PWR_OverloadWfe), (6 bytes).
    Removing stm32f1xx_hal_flash.o(.rev16_text), (4 bytes).
    Removing stm32f1xx_hal_flash.o(.revsh_text), (4 bytes).
    Removing stm32f1xx_hal_flash.o(.rrx_text), (6 bytes).
    Removing stm32f1xx_hal_flash.o(i.FLASH_Program_HalfWord), (28 bytes).
    Removing stm32f1xx_hal_flash.o(i.FLASH_SetErrorCode), (92 bytes).
    Removing stm32f1xx_hal_flash.o(i.FLASH_WaitForLastOperation), (84 bytes).
    Removing stm32f1xx_hal_flash.o(i.HAL_FLASH_EndOfOperationCallback), (2 bytes).
    Removing stm32f1xx_hal_flash.o(i.HAL_FLASH_GetError), (12 bytes).
    Removing stm32f1xx_hal_flash.o(i.HAL_FLASH_IRQHandler), (264 bytes).
    Removing stm32f1xx_hal_flash.o(i.HAL_FLASH_Lock), (20 bytes).
    Removing stm32f1xx_hal_flash.o(i.HAL_FLASH_OB_Launch), (4 bytes).
    Removing stm32f1xx_hal_flash.o(i.HAL_FLASH_OB_Lock), (20 bytes).
    Removing stm32f1xx_hal_flash.o(i.HAL_FLASH_OB_Unlock), (36 bytes).
    Removing stm32f1xx_hal_flash.o(i.HAL_FLASH_OperationErrorCallback), (2 bytes).
    Removing stm32f1xx_hal_flash.o(i.HAL_FLASH_Program), (128 bytes).
    Removing stm32f1xx_hal_flash.o(i.HAL_FLASH_Program_IT), (100 bytes).
    Removing stm32f1xx_hal_flash.o(i.HAL_FLASH_Unlock), (40 bytes).
    Removing stm32f1xx_hal_flash.o(.bss), (32 bytes).
    Removing stm32f1xx_hal_flash_ex.o(.rev16_text), (4 bytes).
    Removing stm32f1xx_hal_flash_ex.o(.revsh_text), (4 bytes).
    Removing stm32f1xx_hal_flash_ex.o(.rrx_text), (6 bytes).
    Removing stm32f1xx_hal_flash_ex.o(i.FLASH_MassErase), (36 bytes).
    Removing stm32f1xx_hal_flash_ex.o(i.FLASH_OB_DisableWRP), (176 bytes).
    Removing stm32f1xx_hal_flash_ex.o(i.FLASH_OB_EnableWRP), (176 bytes).
    Removing stm32f1xx_hal_flash_ex.o(i.FLASH_OB_GetRDP), (24 bytes).
    Removing stm32f1xx_hal_flash_ex.o(i.FLASH_OB_RDP_LevelConfig), (100 bytes).
    Removing stm32f1xx_hal_flash_ex.o(i.FLASH_PageErase), (36 bytes).
    Removing stm32f1xx_hal_flash_ex.o(i.HAL_FLASHEx_Erase), (168 bytes).
    Removing stm32f1xx_hal_flash_ex.o(i.HAL_FLASHEx_Erase_IT), (84 bytes).
    Removing stm32f1xx_hal_flash_ex.o(i.HAL_FLASHEx_OBErase), (84 bytes).
    Removing stm32f1xx_hal_flash_ex.o(i.HAL_FLASHEx_OBGetConfig), (36 bytes).
    Removing stm32f1xx_hal_flash_ex.o(i.HAL_FLASHEx_OBGetUserData), (32 bytes).
    Removing stm32f1xx_hal_flash_ex.o(i.HAL_FLASHEx_OBProgram), (200 bytes).
    Removing system_stm32f1xx.o(.rev16_text), (4 bytes).
    Removing system_stm32f1xx.o(.revsh_text), (4 bytes).
    Removing system_stm32f1xx.o(.rrx_text), (6 bytes).
    Removing system_stm32f1xx.o(i.SystemCoreClockUpdate), (104 bytes).
    Removing log_stm32.o(.rev16_text), (4 bytes).
    Removing log_stm32.o(.revsh_text), (4 bytes).
    Removing log_stm32.o(.rrx_text), (6 bytes).
    Removing log_stm32.o(i._MLPrintLog), (150 bytes).
    Removing log_stm32.o(i.eMPL_send_data), (384 bytes).
    Removing log_stm32.o(i.eMPL_send_quat), (180 bytes).
    Removing log_stm32.o(i.fputcc), (40 bytes).
    Removing empl_outputs.o(i.inv_disable_eMPL_outputs), (28 bytes).
    Removing empl_outputs.o(i.inv_enable_eMPL_outputs), (28 bytes).
    Removing empl_outputs.o(i.inv_generate_eMPL_outputs), (164 bytes).
    Removing empl_outputs.o(i.inv_get_sensor_type_accel), (28 bytes).
    Removing empl_outputs.o(i.inv_get_sensor_type_compass), (28 bytes).
    Removing empl_outputs.o(i.inv_get_sensor_type_euler), (436 bytes).
    Removing empl_outputs.o(i.inv_get_sensor_type_gyro), (28 bytes).
    Removing empl_outputs.o(i.inv_get_sensor_type_heading), (148 bytes).
    Removing empl_outputs.o(i.inv_get_sensor_type_quat), (28 bytes).
    Removing empl_outputs.o(i.inv_get_sensor_type_rot_mat), (32 bytes).
    Removing empl_outputs.o(i.inv_start_eMPL_outputs), (16 bytes).
    Removing empl_outputs.o(.bss), (40 bytes).
    Removing inv_mpu_dmp_motion_driver.o(.rev16_text), (4 bytes).
    Removing inv_mpu_dmp_motion_driver.o(.revsh_text), (4 bytes).
    Removing inv_mpu_dmp_motion_driver.o(.rrx_text), (6 bytes).
    Removing inv_mpu_dmp_motion_driver.o(i.dmp_enable_6x_lp_quat), (58 bytes).
    Removing inv_mpu_dmp_motion_driver.o(i.dmp_enable_feature), (472 bytes).
    Removing inv_mpu_dmp_motion_driver.o(i.dmp_enable_gyro_cal), (60 bytes).
    Removing inv_mpu_dmp_motion_driver.o(i.dmp_enable_lp_quat), (58 bytes).
    Removing inv_mpu_dmp_motion_driver.o(i.dmp_get_enabled_features), (16 bytes).
    Removing inv_mpu_dmp_motion_driver.o(i.dmp_get_fifo_rate), (16 bytes).
    Removing inv_mpu_dmp_motion_driver.o(i.dmp_get_pedometer_step_count), (48 bytes).
    Removing inv_mpu_dmp_motion_driver.o(i.dmp_get_pedometer_walk_time), (54 bytes).
    Removing inv_mpu_dmp_motion_driver.o(i.dmp_load_motion_driver_firmware), (20 bytes).
    Removing inv_mpu_dmp_motion_driver.o(i.dmp_read_fifo), (324 bytes).
    Removing inv_mpu_dmp_motion_driver.o(i.dmp_register_android_orient_cb), (12 bytes).
    Removing inv_mpu_dmp_motion_driver.o(i.dmp_register_tap_cb), (12 bytes).
    Removing inv_mpu_dmp_motion_driver.o(i.dmp_set_accel_bias), (216 bytes).
    Removing inv_mpu_dmp_motion_driver.o(i.dmp_set_fifo_rate), (100 bytes).
    Removing inv_mpu_dmp_motion_driver.o(i.dmp_set_gyro_bias), (204 bytes).
    Removing inv_mpu_dmp_motion_driver.o(i.dmp_set_interrupt_mode), (84 bytes).
    Removing inv_mpu_dmp_motion_driver.o(i.dmp_set_orientation), (268 bytes).
    Removing inv_mpu_dmp_motion_driver.o(i.dmp_set_pedometer_step_count), (38 bytes).
    Removing inv_mpu_dmp_motion_driver.o(i.dmp_set_pedometer_walk_time), (44 bytes).
    Removing inv_mpu_dmp_motion_driver.o(i.dmp_set_shake_reject_thresh), (48 bytes).
    Removing inv_mpu_dmp_motion_driver.o(i.dmp_set_shake_reject_time), (32 bytes).
    Removing inv_mpu_dmp_motion_driver.o(i.dmp_set_shake_reject_timeout), (32 bytes).
    Removing inv_mpu_dmp_motion_driver.o(i.dmp_set_tap_axes), (64 bytes).
    Removing inv_mpu_dmp_motion_driver.o(i.dmp_set_tap_count), (34 bytes).
    Removing inv_mpu_dmp_motion_driver.o(i.dmp_set_tap_thresh), (296 bytes).
    Removing inv_mpu_dmp_motion_driver.o(i.dmp_set_tap_time), (32 bytes).
    Removing inv_mpu_dmp_motion_driver.o(i.dmp_set_tap_time_multi), (32 bytes).
    Removing inv_mpu_dmp_motion_driver.o(.bss), (16 bytes).
    Removing inv_mpu_dmp_motion_driver.o(.constdata), (3062 bytes).
    Removing data_builder.o(.rev16_text), (4 bytes).
    Removing data_builder.o(.revsh_text), (4 bytes).
    Removing data_builder.o(.rrx_text), (6 bytes).
    Removing data_builder.o(i.inv_accel_was_turned_off), (12 bytes).
    Removing data_builder.o(i.inv_apply_calibration), (106 bytes).
    Removing data_builder.o(i.inv_build_accel), (104 bytes).
    Removing data_builder.o(i.inv_build_compass), (132 bytes).
    Removing data_builder.o(i.inv_build_gyro), (48 bytes).
    Removing data_builder.o(i.inv_build_quat), (44 bytes).
    Removing data_builder.o(i.inv_build_temp), (28 bytes).
    Removing data_builder.o(i.inv_compass_was_turned_off), (16 bytes).
    Removing data_builder.o(i.inv_db_load_func), (60 bytes).
    Removing data_builder.o(i.inv_db_save_func), (20 bytes).
    Removing data_builder.o(i.inv_disable_compass_soft_iron_matrix), (16 bytes).
    Removing data_builder.o(i.inv_enable_compass_soft_iron_matrix), (16 bytes).
    Removing data_builder.o(i.inv_execute_on_data), (128 bytes).
    Removing data_builder.o(i.inv_get_accel_accuracy), (12 bytes).
    Removing data_builder.o(i.inv_get_accel_bias), (36 bytes).
    Removing data_builder.o(i.inv_get_accel_on), (16 bytes).
    Removing data_builder.o(i.inv_get_accel_orient), (16 bytes).
    Removing data_builder.o(i.inv_get_accel_sample_rate_ms), (12 bytes).
    Removing data_builder.o(i.inv_get_accel_sensitivity), (12 bytes).
    Removing data_builder.o(i.inv_get_accel_set), (40 bytes).
    Removing data_builder.o(i.inv_get_compass_bias), (20 bytes).
    Removing data_builder.o(i.inv_get_compass_disturbance), (12 bytes).
    Removing data_builder.o(i.inv_get_compass_on), (16 bytes).
    Removing data_builder.o(i.inv_get_compass_sample_rate_ms), (16 bytes).
    Removing data_builder.o(i.inv_get_compass_sensitivity), (12 bytes).
    Removing data_builder.o(i.inv_get_compass_set), (56 bytes).
    Removing data_builder.o(i.inv_get_compass_soft_iron_input_data), (28 bytes).
    Removing data_builder.o(i.inv_get_compass_soft_iron_matrix_d), (28 bytes).
    Removing data_builder.o(i.inv_get_compass_soft_iron_matrix_f), (28 bytes).
    Removing data_builder.o(i.inv_get_compass_soft_iron_output_data), (28 bytes).
    Removing data_builder.o(i.inv_get_gyro), (16 bytes).
    Removing data_builder.o(i.inv_get_gyro_accuracy), (12 bytes).
    Removing data_builder.o(i.inv_get_gyro_bias), (36 bytes).
    Removing data_builder.o(i.inv_get_gyro_bias_tc_set), (24 bytes).
    Removing data_builder.o(i.inv_get_gyro_on), (16 bytes).
    Removing data_builder.o(i.inv_get_gyro_orient), (16 bytes).
    Removing data_builder.o(i.inv_get_gyro_sample_rate_ms), (12 bytes).
    Removing data_builder.o(i.inv_get_gyro_sensitivity), (12 bytes).
    Removing data_builder.o(i.inv_get_gyro_set), (36 bytes).
    Removing data_builder.o(i.inv_get_gyro_set_raw), (36 bytes).
    Removing data_builder.o(i.inv_get_last_timestamp), (72 bytes).
    Removing data_builder.o(i.inv_get_mag_accuracy), (28 bytes).
    Removing data_builder.o(i.inv_get_temp_set), (36 bytes).
    Removing data_builder.o(i.inv_gyro_was_turned_off), (12 bytes).
    Removing data_builder.o(i.inv_init_data_builder), (60 bytes).
    Removing data_builder.o(i.inv_matrix_vector_mult), (110 bytes).
    Removing data_builder.o(i.inv_quaternion_sensor_was_turned_off), (16 bytes).
    Removing data_builder.o(i.inv_register_data_cb), (164 bytes).
    Removing data_builder.o(i.inv_reset_compass_soft_iron_matrix), (72 bytes).
    Removing data_builder.o(i.inv_set_accel_accuracy), (28 bytes).
    Removing data_builder.o(i.inv_set_accel_bandwidth), (12 bytes).
    Removing data_builder.o(i.inv_set_accel_bias), (72 bytes).
    Removing data_builder.o(i.inv_set_accel_bias_mask), (80 bytes).
    Removing data_builder.o(i.inv_set_accel_orientation_and_scale), (12 bytes).
    Removing data_builder.o(i.inv_set_accel_sample_rate), (44 bytes).
    Removing data_builder.o(i.inv_set_compass_bandwidth), (12 bytes).
    Removing data_builder.o(i.inv_set_compass_bias), (72 bytes).
    Removing data_builder.o(i.inv_set_compass_disturbance), (12 bytes).
    Removing data_builder.o(i.inv_set_compass_orientation_and_scale), (16 bytes).
    Removing data_builder.o(i.inv_set_compass_sample_rate), (44 bytes).
    Removing data_builder.o(i.inv_set_compass_soft_iron_input_data), (80 bytes).
    Removing data_builder.o(i.inv_set_compass_soft_iron_matrix_d), (60 bytes).
    Removing data_builder.o(i.inv_set_compass_soft_iron_matrix_f), (56 bytes).
    Removing data_builder.o(i.inv_set_contiguous), (128 bytes).
    Removing data_builder.o(i.inv_set_gyro_bandwidth), (12 bytes).
    Removing data_builder.o(i.inv_set_gyro_bias), (92 bytes).
    Removing data_builder.o(i.inv_set_gyro_orientation_and_scale), (12 bytes).
    Removing data_builder.o(i.inv_set_gyro_sample_rate), (40 bytes).
    Removing data_builder.o(i.inv_set_quat_sample_rate), (24 bytes).
    Removing data_builder.o(i.inv_temperature_was_turned_off), (16 bytes).
    Removing data_builder.o(i.inv_unregister_data_cb), (76 bytes).
    Removing data_builder.o(i.set_sensor_orientation_and_scale), (6 bytes).
    Removing data_builder.o(.bss), (728 bytes).
    Removing data_builder.o(.conststring), (68 bytes).
    Removing hal_outputs.o(.rev16_text), (4 bytes).
    Removing hal_outputs.o(.revsh_text), (4 bytes).
    Removing hal_outputs.o(.rrx_text), (6 bytes).
    Removing hal_outputs.o(i.google_orientation), (96 bytes).
    Removing hal_outputs.o(i.inv_disable_hal_outputs), (28 bytes).
    Removing hal_outputs.o(i.inv_enable_hal_outputs), (20 bytes).
    Removing hal_outputs.o(i.inv_generate_hal_outputs), (344 bytes).
    Removing hal_outputs.o(i.inv_get_rotation), (152 bytes).
    Removing hal_outputs.o(i.inv_get_sensor_type_accelerometer), (80 bytes).
    Removing hal_outputs.o(i.inv_get_sensor_type_gravity), (84 bytes).
    Removing hal_outputs.o(i.inv_get_sensor_type_gyroscope), (80 bytes).
    Removing hal_outputs.o(i.inv_get_sensor_type_gyroscope_raw), (80 bytes).
    Removing hal_outputs.o(i.inv_get_sensor_type_linear_acceleration), (104 bytes).
    Removing hal_outputs.o(i.inv_get_sensor_type_magnetic_field), (60 bytes).
    Removing hal_outputs.o(i.inv_get_sensor_type_orientation), (24 bytes).
    Removing hal_outputs.o(i.inv_get_sensor_type_rotation_vector), (148 bytes).
    Removing hal_outputs.o(i.inv_init_hal_outputs), (56 bytes).
    Removing hal_outputs.o(i.inv_start_hal_outputs), (16 bytes).
    Removing hal_outputs.o(i.inv_stop_hal_outputs), (12 bytes).
    Removing hal_outputs.o(.bss), (196 bytes).
    Removing hal_outputs.o(.data), (20 bytes).
    Removing message_layer.o(.rev16_text), (4 bytes).
    Removing message_layer.o(.revsh_text), (4 bytes).
    Removing message_layer.o(.rrx_text), (6 bytes).
    Removing message_layer.o(i.inv_get_message_level_0), (20 bytes).
    Removing message_layer.o(i.inv_set_message), (20 bytes).
    Removing message_layer.o(.data), (4 bytes).
    Removing ml_math_func.o(i.inv_angle_diff), (68 bytes).
    Removing ml_math_func.o(i.inv_big8_to_int16), (8 bytes).
    Removing ml_math_func.o(i.inv_big8_to_int32), (14 bytes).
    Removing ml_math_func.o(i.inv_biquad_filter_process), (92 bytes).
    Removing ml_math_func.o(i.inv_calc_state_to_match_output), (40 bytes).
    Removing ml_math_func.o(i.inv_checksum), (28 bytes).
    Removing ml_math_func.o(i.inv_compass_angle), (146 bytes).
    Removing ml_math_func.o(i.inv_convert_to_body), (70 bytes).
    Removing ml_math_func.o(i.inv_convert_to_body_with_scale), (92 bytes).
    Removing ml_math_func.o(i.inv_convert_to_chip), (70 bytes).
    Removing ml_math_func.o(i.inv_cosf), (40 bytes).
    Removing ml_math_func.o(i.inv_get_cross_product_vec), (92 bytes).
    Removing ml_math_func.o(i.inv_get_gyro_sum_of_sqr), (26 bytes).
    Removing ml_math_func.o(i.inv_init_biquad_filter), (26 bytes).
    Removing ml_math_func.o(i.inv_int16_to_big8), (10 bytes).
    Removing ml_math_func.o(i.inv_int32_to_big8), (18 bytes).
    Removing ml_math_func.o(i.inv_little8_to_int16), (6 bytes).
    Removing ml_math_func.o(i.inv_matrix_det), (146 bytes).
    Removing ml_math_func.o(i.inv_matrix_det_inc), (88 bytes).
    Removing ml_math_func.o(i.inv_matrix_det_incd), (96 bytes).
    Removing ml_math_func.o(i.inv_matrix_detd), (178 bytes).
    Removing ml_math_func.o(i.inv_orientation_matrix_to_scalar), (34 bytes).
    Removing ml_math_func.o(i.inv_q29_mult), (12 bytes).
    Removing ml_math_func.o(i.inv_q30_div), (22 bytes).
    Removing ml_math_func.o(i.inv_q30_mult), (12 bytes).
    Removing ml_math_func.o(i.inv_q30_to_double), (18 bytes).
    Removing ml_math_func.o(i.inv_q30_to_float), (18 bytes).
    Removing ml_math_func.o(i.inv_q_add), (36 bytes).
    Removing ml_math_func.o(i.inv_q_addf), (50 bytes).
    Removing ml_math_func.o(i.inv_q_invert), (24 bytes).
    Removing ml_math_func.o(i.inv_q_invertf), (30 bytes).
    Removing ml_math_func.o(i.inv_q_mult), (176 bytes).
    Removing ml_math_func.o(i.inv_q_multf), (246 bytes).
    Removing ml_math_func.o(i.inv_q_norm4), (132 bytes).
    Removing ml_math_func.o(i.inv_q_normalize), (6 bytes).
    Removing ml_math_func.o(i.inv_q_normalizef), (266 bytes).
    Removing ml_math_func.o(i.inv_q_rotate), (62 bytes).
    Removing ml_math_func.o(i.inv_q_shift_mult), (12 bytes).
    Removing ml_math_func.o(i.inv_quaternion_to_rotation), (218 bytes).
    Removing ml_math_func.o(i.inv_quaternion_to_rotation_vector), (34 bytes).
    Removing ml_math_func.o(i.inv_row_2_scale), (72 bytes).
    Removing ml_math_func.o(i.inv_sinf), (36 bytes).
    Removing ml_math_func.o(i.inv_vector_norm), (56 bytes).
    Removing ml_math_func.o(i.inv_vector_normalize), (168 bytes).
    Removing ml_math_func.o(i.inv_wrap_angle), (36 bytes).
    Removing ml_math_func.o(i.mlMatrixVectorMult), (50 bytes).
    Removing ml_math_func.o(i.quaternion_to_rotation_angle), (108 bytes).
    Removing ml_math_func.o(.constdata), (1024 bytes).
    Removing mlmath.o(i.ml_acos), (4 bytes).
    Removing mlmath.o(i.ml_asin), (4 bytes).
    Removing mlmath.o(i.ml_atan), (4 bytes).
    Removing mlmath.o(i.ml_atan2), (4 bytes).
    Removing mlmath.o(i.ml_ceil), (4 bytes).
    Removing mlmath.o(i.ml_cos), (4 bytes).
    Removing mlmath.o(i.ml_floor), (4 bytes).
    Removing mlmath.o(i.ml_log), (4 bytes).
    Removing mlmath.o(i.ml_pow), (4 bytes).
    Removing mlmath.o(i.ml_sin), (4 bytes).
    Removing mlmath.o(i.ml_sqrt), (4 bytes).
    Removing mpl.o(.rev16_text), (4 bytes).
    Removing mpl.o(.revsh_text), (4 bytes).
    Removing mpl.o(.rrx_text), (6 bytes).
    Removing mpl.o(i.__print_result_location), (48 bytes).
    Removing mpl.o(i.inv_get_version), (12 bytes).
    Removing mpl.o(i.inv_init_mpl), (124 bytes).
    Removing mpl.o(i.inv_start_mpl), (64 bytes).
    Removing mpl.o(.constdata), (47 bytes).
    Removing results_holder.o(.rev16_text), (4 bytes).
    Removing results_holder.o(.revsh_text), (4 bytes).
    Removing results_holder.o(.rrx_text), (6 bytes).
    Removing results_holder.o(i.inv_enable_results_holder), (28 bytes).
    Removing results_holder.o(i.inv_generate_results), (16 bytes).
    Removing results_holder.o(i.inv_get_6axis_quaternion), (20 bytes).
    Removing results_holder.o(i.inv_get_acc_state), (12 bytes).
    Removing results_holder.o(i.inv_get_accel), (20 bytes).
    Removing results_holder.o(i.inv_get_accel_float), (58 bytes).
    Removing results_holder.o(i.inv_get_compass_bias_error), (16 bytes).
    Removing results_holder.o(i.inv_get_compass_correction), (24 bytes).
    Removing results_holder.o(i.inv_get_compass_state), (12 bytes).
    Removing results_holder.o(i.inv_get_gravity), (84 bytes).
    Removing results_holder.o(i.inv_get_gyro_float), (58 bytes).
    Removing results_holder.o(i.inv_get_heading_confidence_interval), (12 bytes).
    Removing results_holder.o(i.inv_get_large_mag_field), (12 bytes).
    Removing results_holder.o(i.inv_get_linear_accel), (58 bytes).
    Removing results_holder.o(i.inv_get_linear_accel_float), (58 bytes).
    Removing results_holder.o(i.inv_get_local_field), (16 bytes).
    Removing results_holder.o(i.inv_get_mag_scale), (16 bytes).
    Removing results_holder.o(i.inv_get_motion_state), (16 bytes).
    Removing results_holder.o(i.inv_get_quaternion), (52 bytes).
    Removing results_holder.o(i.inv_get_quaternion_float), (50 bytes).
    Removing results_holder.o(i.inv_get_quaternion_set), (56 bytes).
    Removing results_holder.o(i.inv_got_accel_bias), (12 bytes).
    Removing results_holder.o(i.inv_got_compass_bias), (12 bytes).
    Removing results_holder.o(i.inv_init_results_holder), (48 bytes).
    Removing results_holder.o(i.inv_q30_to_float), (18 bytes).
    Removing results_holder.o(i.inv_set_acc_state), (12 bytes).
    Removing results_holder.o(i.inv_set_accel_bias_found), (12 bytes).
    Removing results_holder.o(i.inv_set_compass_bias_error), (16 bytes).
    Removing results_holder.o(i.inv_set_compass_bias_found), (12 bytes).
    Removing results_holder.o(i.inv_set_compass_correction), (32 bytes).
    Removing results_holder.o(i.inv_set_compass_state), (12 bytes).
    Removing results_holder.o(i.inv_set_heading_confidence_interval), (12 bytes).
    Removing results_holder.o(i.inv_set_large_mag_field), (12 bytes).
    Removing results_holder.o(i.inv_set_local_field), (16 bytes).
    Removing results_holder.o(i.inv_set_mag_scale), (16 bytes).
    Removing results_holder.o(i.inv_set_motion_state), (52 bytes).
    Removing results_holder.o(i.inv_start_results_holder), (24 bytes).
    Removing results_holder.o(i.inv_store_gaming_quaternion), (32 bytes).
    Removing results_holder.o(.bss), (136 bytes).
    Removing start_manager.o(.rev16_text), (4 bytes).
    Removing start_manager.o(.revsh_text), (4 bytes).
    Removing start_manager.o(.rrx_text), (6 bytes).
    Removing start_manager.o(i.inv_execute_mpl_start_notification), (44 bytes).
    Removing start_manager.o(i.inv_init_start_manager), (20 bytes).
    Removing start_manager.o(i.inv_register_mpl_start_notification), (32 bytes).
    Removing start_manager.o(i.inv_unregister_mpl_start_notification), (72 bytes).
    Removing start_manager.o(.bss), (84 bytes).
    Removing storage_manager.o(.rev16_text), (4 bytes).
    Removing storage_manager.o(.revsh_text), (4 bytes).
    Removing storage_manager.o(.rrx_text), (6 bytes).
    Removing storage_manager.o(i.inv_get_mpl_state_size), (16 bytes).
    Removing storage_manager.o(i.inv_init_storage_manager), (24 bytes).
    Removing storage_manager.o(i.inv_load_mpl_states), (168 bytes).
    Removing storage_manager.o(i.inv_register_load_store), (108 bytes).
    Removing storage_manager.o(i.inv_save_mpl_states), (120 bytes).
    Removing storage_manager.o(.bss), (408 bytes).
    Removing fast_no_motion.o(.text), (2548 bytes).
    Removing fast_no_motion.o(.bss), (672 bytes).
    Removing fast_no_motion.o(.constdata), (22 bytes).
    Removing fusion_9axis.o(.text), (1628 bytes).
    Removing fusion_9axis.o(.bss), (312 bytes).
    Removing gyro_tc.o(.text), (1212 bytes).
    Removing gyro_tc.o(.bss), (452 bytes).
    Removing quaternion_supervisor.o(.text), (2368 bytes).
    Removing quaternion_supervisor.o(.bss), (108 bytes).
    Removing mag_disturb.o(.text), (1360 bytes).
    Removing mag_disturb.o(.bss), (184 bytes).
    Removing fadd.o(.text), (176 bytes).
    Removing fmul.o(.text), (100 bytes).
    Removing fdiv.o(.text), (124 bytes).
    Removing fscalb.o(.text), (24 bytes).
    Removing dadd.o(.text), (334 bytes).
    Removing dmul.o(.text), (228 bytes).
    Removing ddiv.o(.text), (222 bytes).
    Removing dscalb.o(.text), (46 bytes).
    Removing fflti.o(.text), (18 bytes).
    Removing ffltui.o(.text), (10 bytes).
    Removing ffltl.o(.text), (44 bytes).
    Removing dflti.o(.text), (34 bytes).
    Removing ffixi.o(.text), (50 bytes).
    Removing ffixui.o(.text), (40 bytes).
    Removing ffixl.o(.text), (66 bytes).
    Removing dfixi.o(.text), (62 bytes).
    Removing f2d.o(.text), (38 bytes).
    Removing cdcmple.o(.text), (48 bytes).
    Removing cdrcmple.o(.text), (48 bytes).
    Removing d2f.o(.text), (56 bytes).
    Removing cfcmple.o(.text), (20 bytes).
    Removing cfrcmple.o(.text), (20 bytes).
    Removing fepilogue.o(.text), (110 bytes).
    Removing fsqrt.o(.text), (94 bytes).
    Removing frnd.o(.text), (60 bytes).
    Removing depilogue.o(.text), (186 bytes).
    Removing dsqrt.o(.text), (162 bytes).
    Removing dfixul.o(.text), (48 bytes).
    Removing dfltui.o(.text), (26 bytes).

822 unused section(s) (total 71109 bytes) removed from the image.

==============================================================================

Image Symbol Table

    Local Symbols

    Symbol Name                              Value     Ov Type        Size  Object(Section)

    ../Drivers/STM32F1xx_HAL_Driver/Src/stm32f1xx_hal.c 0x00000000   Number         0  stm32f1xx_hal.o ABSOLUTE
    ../Drivers/STM32F1xx_HAL_Driver/Src/stm32f1xx_hal_cortex.c 0x00000000   Number         0  stm32f1xx_hal_cortex.o ABSOLUTE
    ../Drivers/STM32F1xx_HAL_Driver/Src/stm32f1xx_hal_dma.c 0x00000000   Number         0  stm32f1xx_hal_dma.o ABSOLUTE
    ../Drivers/STM32F1xx_HAL_Driver/Src/stm32f1xx_hal_flash.c 0x00000000   Number         0  stm32f1xx_hal_flash.o ABSOLUTE
    ../Drivers/STM32F1xx_HAL_Driver/Src/stm32f1xx_hal_flash_ex.c 0x00000000   Number         0  stm32f1xx_hal_flash_ex.o ABSOLUTE
    ../Drivers/STM32F1xx_HAL_Driver/Src/stm32f1xx_hal_gpio.c 0x00000000   Number         0  stm32f1xx_hal_gpio.o ABSOLUTE
    ../Drivers/STM32F1xx_HAL_Driver/Src/stm32f1xx_hal_gpio_ex.c 0x00000000   Number         0  stm32f1xx_hal_gpio_ex.o ABSOLUTE
    ../Drivers/STM32F1xx_HAL_Driver/Src/stm32f1xx_hal_i2c.c 0x00000000   Number         0  stm32f1xx_hal_i2c.o ABSOLUTE
    ../Drivers/STM32F1xx_HAL_Driver/Src/stm32f1xx_hal_pwr.c 0x00000000   Number         0  stm32f1xx_hal_pwr.o ABSOLUTE
    ../Drivers/STM32F1xx_HAL_Driver/Src/stm32f1xx_hal_rcc.c 0x00000000   Number         0  stm32f1xx_hal_rcc.o ABSOLUTE
    ../Drivers/STM32F1xx_HAL_Driver/Src/stm32f1xx_hal_rcc_ex.c 0x00000000   Number         0  stm32f1xx_hal_rcc_ex.o ABSOLUTE
    ../Drivers/STM32F1xx_HAL_Driver/Src/stm32f1xx_hal_tim.c 0x00000000   Number         0  stm32f1xx_hal_tim.o ABSOLUTE
    ../Drivers/STM32F1xx_HAL_Driver/Src/stm32f1xx_hal_tim_ex.c 0x00000000   Number         0  stm32f1xx_hal_tim_ex.o ABSOLUTE
    ../Drivers/STM32F1xx_HAL_Driver/Src/stm32f1xx_hal_uart.c 0x00000000   Number         0  stm32f1xx_hal_uart.o ABSOLUTE
    ../Src/gpio.c                            0x00000000   Number         0  gpio.o ABSOLUTE
    ../Src/i2c.c                             0x00000000   Number         0  i2c.o ABSOLUTE
    ../Src/main.c                            0x00000000   Number         0  main.o ABSOLUTE
    ../Src/stm32f1xx_hal_msp.c               0x00000000   Number         0  stm32f1xx_hal_msp.o ABSOLUTE
    ../Src/stm32f1xx_it.c                    0x00000000   Number         0  stm32f1xx_it.o ABSOLUTE
    ../Src/system_stm32f1xx.c                0x00000000   Number         0  system_stm32f1xx.o ABSOLUTE
    ../Src/tim.c                             0x00000000   Number         0  tim.o ABSOLUTE
    ../Src/usart.c                           0x00000000   Number         0  usart.o ABSOLUTE
    ../clib/microlib/division.c              0x00000000   Number         0  uldiv.o ABSOLUTE
    ../clib/microlib/division.c              0x00000000   Number         0  ldiv.o ABSOLUTE
    ../clib/microlib/division.c              0x00000000   Number         0  uidiv.o ABSOLUTE
    ../clib/microlib/errno.c                 0x00000000   Number         0  errno.o ABSOLUTE
    ../clib/microlib/init/entry.s            0x00000000   Number         0  entry8b.o ABSOLUTE
    ../clib/microlib/init/entry.s            0x00000000   Number         0  entry.o ABSOLUTE
    ../clib/microlib/init/entry.s            0x00000000   Number         0  entry11a.o ABSOLUTE
    ../clib/microlib/init/entry.s            0x00000000   Number         0  entry10b.o ABSOLUTE
    ../clib/microlib/init/entry.s            0x00000000   Number         0  entry2.o ABSOLUTE
    ../clib/microlib/init/entry.s            0x00000000   Number         0  entry11b.o ABSOLUTE
    ../clib/microlib/init/entry.s            0x00000000   Number         0  entry5.o ABSOLUTE
    ../clib/microlib/init/entry.s            0x00000000   Number         0  entry10a.o ABSOLUTE
    ../clib/microlib/init/entry.s            0x00000000   Number         0  entry8a.o ABSOLUTE
    ../clib/microlib/init/entry.s            0x00000000   Number         0  entry7b.o ABSOLUTE
    ../clib/microlib/init/entry.s            0x00000000   Number         0  entry9b.o ABSOLUTE
    ../clib/microlib/init/entry.s            0x00000000   Number         0  entry9a.o ABSOLUTE
    ../clib/microlib/init/entry.s            0x00000000   Number         0  entry7a.o ABSOLUTE
    ../clib/microlib/longlong.c              0x00000000   Number         0  llshl.o ABSOLUTE
    ../clib/microlib/longlong.c              0x00000000   Number         0  llsshr.o ABSOLUTE
    ../clib/microlib/longlong.c              0x00000000   Number         0  llushr.o ABSOLUTE
    ../clib/microlib/printf/printf.c         0x00000000   Number         0  printfa.o ABSOLUTE
    ../clib/microlib/printf/printf.c         0x00000000   Number         0  printf8.o ABSOLUTE
    ../clib/microlib/printf/printf.c         0x00000000   Number         0  printf7.o ABSOLUTE
    ../clib/microlib/printf/printf.c         0x00000000   Number         0  printf6.o ABSOLUTE
    ../clib/microlib/printf/printf.c         0x00000000   Number         0  printf5.o ABSOLUTE
    ../clib/microlib/printf/printf.c         0x00000000   Number         0  printf4.o ABSOLUTE
    ../clib/microlib/printf/printf.c         0x00000000   Number         0  printf3.o ABSOLUTE
    ../clib/microlib/printf/printf.c         0x00000000   Number         0  printf2.o ABSOLUTE
    ../clib/microlib/printf/printf.c         0x00000000   Number         0  printf0.o ABSOLUTE
    ../clib/microlib/printf/printf.c         0x00000000   Number         0  printfb.o ABSOLUTE
    ../clib/microlib/printf/printf.c         0x00000000   Number         0  printf1.o ABSOLUTE
    ../clib/microlib/stdio/streams.c         0x00000000   Number         0  stdout.o ABSOLUTE
    ../clib/microlib/string/memcmp.c         0x00000000   Number         0  memcmp.o ABSOLUTE
    ../clib/microlib/string/memcpy.c         0x00000000   Number         0  memcpya.o ABSOLUTE
    ../clib/microlib/string/memcpy.c         0x00000000   Number         0  memmovea.o ABSOLUTE
    ../clib/microlib/string/memcpy.c         0x00000000   Number         0  memcpyb.o ABSOLUTE
    ../clib/microlib/string/memcpy.c         0x00000000   Number         0  memmoveb.o ABSOLUTE
    ../clib/microlib/string/memset.c         0x00000000   Number         0  memseta.o ABSOLUTE
    ../clib/microlib/stubs.s                 0x00000000   Number         0  iusefp.o ABSOLUTE
    ../fplib/microlib/d2f.c                  0x00000000   Number         0  d2f.o ABSOLUTE
    ../fplib/microlib/f2d.c                  0x00000000   Number         0  f2d.o ABSOLUTE
    ../fplib/microlib/fpadd.c                0x00000000   Number         0  fadd.o ABSOLUTE
    ../fplib/microlib/fpadd.c                0x00000000   Number         0  dadd.o ABSOLUTE
    ../fplib/microlib/fpdiv.c                0x00000000   Number         0  ddiv.o ABSOLUTE
    ../fplib/microlib/fpdiv.c                0x00000000   Number         0  fdiv.o ABSOLUTE
    ../fplib/microlib/fpepilogue.c           0x00000000   Number         0  fepilogue.o ABSOLUTE
    ../fplib/microlib/fpepilogue.c           0x00000000   Number         0  depilogue.o ABSOLUTE
    ../fplib/microlib/fpfix.c                0x00000000   Number         0  dfixi.o ABSOLUTE
    ../fplib/microlib/fpfix.c                0x00000000   Number         0  ffixl.o ABSOLUTE
    ../fplib/microlib/fpfix.c                0x00000000   Number         0  ffixi.o ABSOLUTE
    ../fplib/microlib/fpfix.c                0x00000000   Number         0  ffixui.o ABSOLUTE
    ../fplib/microlib/fpfix.c                0x00000000   Number         0  dfixul.o ABSOLUTE
    ../fplib/microlib/fpflt.c                0x00000000   Number         0  ffltui.o ABSOLUTE
    ../fplib/microlib/fpflt.c                0x00000000   Number         0  fflti.o ABSOLUTE
    ../fplib/microlib/fpflt.c                0x00000000   Number         0  dfltui.o ABSOLUTE
    ../fplib/microlib/fpflt.c                0x00000000   Number         0  ffltl.o ABSOLUTE
    ../fplib/microlib/fpflt.c                0x00000000   Number         0  dflti.o ABSOLUTE
    ../fplib/microlib/fpmul.c                0x00000000   Number         0  fmul.o ABSOLUTE
    ../fplib/microlib/fpmul.c                0x00000000   Number         0  dmul.o ABSOLUTE
    ../fplib/microlib/fprnd.c                0x00000000   Number         0  frnd.o ABSOLUTE
    ../fplib/microlib/fpscalb.c              0x00000000   Number         0  fscalb.o ABSOLUTE
    ../fplib/microlib/fpscalb.c              0x00000000   Number         0  dscalb.o ABSOLUTE
    ../fplib/microlib/fpsqrt.c               0x00000000   Number         0  fsqrt.o ABSOLUTE
    ../fplib/microlib/fpsqrt.c               0x00000000   Number         0  dsqrt.o ABSOLUTE
    ../mathlib/acos.c                        0x00000000   Number         0  acos_x.o ABSOLUTE
    ../mathlib/acos.c                        0x00000000   Number         0  acos.o ABSOLUTE
    ../mathlib/acosf.c                       0x00000000   Number         0  acosf.o ABSOLUTE
    ../mathlib/acosf.c                       0x00000000   Number         0  acosf_x.o ABSOLUTE
    ../mathlib/asin.c                        0x00000000   Number         0  asin_x.o ABSOLUTE
    ../mathlib/asin.c                        0x00000000   Number         0  asin.o ABSOLUTE
    ../mathlib/asinf.c                       0x00000000   Number         0  asinf_x.o ABSOLUTE
    ../mathlib/asinf.c                       0x00000000   Number         0  asinf.o ABSOLUTE
    ../mathlib/atan.c                        0x00000000   Number         0  atan_x.o ABSOLUTE
    ../mathlib/atan.c                        0x00000000   Number         0  atan.o ABSOLUTE
    ../mathlib/atan2.c                       0x00000000   Number         0  atan2_x.o ABSOLUTE
    ../mathlib/atan2.c                       0x00000000   Number         0  atan2.o ABSOLUTE
    ../mathlib/atan2f.c                      0x00000000   Number         0  atan2f.o ABSOLUTE
    ../mathlib/atan2f.c                      0x00000000   Number         0  atan2f_x.o ABSOLUTE
    ../mathlib/ceil.c                        0x00000000   Number         0  ceil.o ABSOLUTE
    ../mathlib/cos.c                         0x00000000   Number         0  cos.o ABSOLUTE
    ../mathlib/cos.c                         0x00000000   Number         0  cos_x.o ABSOLUTE
    ../mathlib/cos_i.c                       0x00000000   Number         0  cos_i.o ABSOLUTE
    ../mathlib/cosf.c                        0x00000000   Number         0  cosf.o ABSOLUTE
    ../mathlib/cosf.c                        0x00000000   Number         0  cosf_x.o ABSOLUTE
    ../mathlib/dunder.c                      0x00000000   Number         0  dunder.o ABSOLUTE
    ../mathlib/floor.c                       0x00000000   Number         0  floor.o ABSOLUTE
    ../mathlib/fpclassify.c                  0x00000000   Number         0  fpclassify.o ABSOLUTE
    ../mathlib/fpclassifyf.c                 0x00000000   Number         0  fpclassifyf.o ABSOLUTE
    ../mathlib/funder.c                      0x00000000   Number         0  funder.o ABSOLUTE
    ../mathlib/log.c                         0x00000000   Number         0  log_x.o ABSOLUTE
    ../mathlib/log.c                         0x00000000   Number         0  log.o ABSOLUTE
    ../mathlib/poly.c                        0x00000000   Number         0  poly.o ABSOLUTE
    ../mathlib/pow.c                         0x00000000   Number         0  pow.o ABSOLUTE
    ../mathlib/pow.c                         0x00000000   Number         0  pow_x.o ABSOLUTE
    ../mathlib/qnan.c                        0x00000000   Number         0  qnan.o ABSOLUTE
    ../mathlib/rred.c                        0x00000000   Number         0  rred.o ABSOLUTE
    ../mathlib/rredf.c                       0x00000000   Number         0  rredf.o ABSOLUTE
    ../mathlib/sin.c                         0x00000000   Number         0  sin_x.o ABSOLUTE
    ../mathlib/sin.c                         0x00000000   Number         0  sin.o ABSOLUTE
    ../mathlib/sin_i.c                       0x00000000   Number         0  sin_i.o ABSOLUTE
    ../mathlib/sin_i.c                       0x00000000   Number         0  sin_i_x.o ABSOLUTE
    ../mathlib/sinf.c                        0x00000000   Number         0  sinf_x.o ABSOLUTE
    ../mathlib/sinf.c                        0x00000000   Number         0  sinf.o ABSOLUTE
    ../mathlib/sqrt.c                        0x00000000   Number         0  sqrt_x.o ABSOLUTE
    ../mathlib/sqrt.c                        0x00000000   Number         0  sqrt.o ABSOLUTE
    ../mathlib/sqrtf.c                       0x00000000   Number         0  sqrtf_x.o ABSOLUTE
    ../mathlib/sqrtf.c                       0x00000000   Number         0  sqrtf.o ABSOLUTE
    ..\Drivers\STM32F1xx_HAL_Driver\Src\stm32f1xx_hal.c 0x00000000   Number         0  stm32f1xx_hal.o ABSOLUTE
    ..\Drivers\STM32F1xx_HAL_Driver\Src\stm32f1xx_hal_cortex.c 0x00000000   Number         0  stm32f1xx_hal_cortex.o ABSOLUTE
    ..\Drivers\STM32F1xx_HAL_Driver\Src\stm32f1xx_hal_dma.c 0x00000000   Number         0  stm32f1xx_hal_dma.o ABSOLUTE
    ..\Drivers\STM32F1xx_HAL_Driver\Src\stm32f1xx_hal_flash.c 0x00000000   Number         0  stm32f1xx_hal_flash.o ABSOLUTE
    ..\Drivers\STM32F1xx_HAL_Driver\Src\stm32f1xx_hal_flash_ex.c 0x00000000   Number         0  stm32f1xx_hal_flash_ex.o ABSOLUTE
    ..\Drivers\STM32F1xx_HAL_Driver\Src\stm32f1xx_hal_gpio.c 0x00000000   Number         0  stm32f1xx_hal_gpio.o ABSOLUTE
    ..\Drivers\STM32F1xx_HAL_Driver\Src\stm32f1xx_hal_gpio_ex.c 0x00000000   Number         0  stm32f1xx_hal_gpio_ex.o ABSOLUTE
    ..\Drivers\STM32F1xx_HAL_Driver\Src\stm32f1xx_hal_i2c.c 0x00000000   Number         0  stm32f1xx_hal_i2c.o ABSOLUTE
    ..\Drivers\STM32F1xx_HAL_Driver\Src\stm32f1xx_hal_pwr.c 0x00000000   Number         0  stm32f1xx_hal_pwr.o ABSOLUTE
    ..\Drivers\STM32F1xx_HAL_Driver\Src\stm32f1xx_hal_rcc.c 0x00000000   Number         0  stm32f1xx_hal_rcc.o ABSOLUTE
    ..\Drivers\STM32F1xx_HAL_Driver\Src\stm32f1xx_hal_rcc_ex.c 0x00000000   Number         0  stm32f1xx_hal_rcc_ex.o ABSOLUTE
    ..\Drivers\STM32F1xx_HAL_Driver\Src\stm32f1xx_hal_tim.c 0x00000000   Number         0  stm32f1xx_hal_tim.o ABSOLUTE
    ..\Drivers\STM32F1xx_HAL_Driver\Src\stm32f1xx_hal_tim_ex.c 0x00000000   Number         0  stm32f1xx_hal_tim_ex.o ABSOLUTE
    ..\Drivers\STM32F1xx_HAL_Driver\Src\stm32f1xx_hal_uart.c 0x00000000   Number         0  stm32f1xx_hal_uart.o ABSOLUTE
    ..\Drivers\mpu6050\mpu_module.c          0x00000000   Number         0  mpu_module.o ABSOLUTE
    ..\Src\gpio.c                            0x00000000   Number         0  gpio.o ABSOLUTE
    ..\Src\i2c.c                             0x00000000   Number         0  i2c.o ABSOLUTE
    ..\Src\main.c                            0x00000000   Number         0  main.o ABSOLUTE
    ..\Src\stm32f1xx_hal_msp.c               0x00000000   Number         0  stm32f1xx_hal_msp.o ABSOLUTE
    ..\Src\stm32f1xx_it.c                    0x00000000   Number         0  stm32f1xx_it.o ABSOLUTE
    ..\Src\system_stm32f1xx.c                0x00000000   Number         0  system_stm32f1xx.o ABSOLUTE
    ..\Src\tim.c                             0x00000000   Number         0  tim.o ABSOLUTE
    ..\Src\usart.c                           0x00000000   Number         0  usart.o ABSOLUTE
    ..\\Drivers\\mpu6050\\mpu_module.c       0x00000000   Number         0  mpu_module.o ABSOLUTE
    ..\\core\\driver\\eMPL\\inv_mpu.c        0x00000000   Number         0  inv_mpu.o ABSOLUTE
    ..\\core\\driver\\eMPL\\inv_mpu_dmp_motion_driver.c 0x00000000   Number         0  inv_mpu_dmp_motion_driver.o ABSOLUTE
    ..\\core\\driver\\stm32L\\log_stm32.c    0x00000000   Number         0  log_stm32.o ABSOLUTE
    ..\\core\\mllite\\data_builder.c         0x00000000   Number         0  data_builder.o ABSOLUTE
    ..\\core\\mllite\\hal_outputs.c          0x00000000   Number         0  hal_outputs.o ABSOLUTE
    ..\\core\\mllite\\message_layer.c        0x00000000   Number         0  message_layer.o ABSOLUTE
    ..\\core\\mllite\\mpl.c                  0x00000000   Number         0  mpl.o ABSOLUTE
    ..\\core\\mllite\\results_holder.c       0x00000000   Number         0  results_holder.o ABSOLUTE
    ..\\core\\mllite\\start_manager.c        0x00000000   Number         0  start_manager.o ABSOLUTE
    ..\\core\\mllite\\storage_manager.c      0x00000000   Number         0  storage_manager.o ABSOLUTE
    ..\core\driver\eMPL\inv_mpu.c            0x00000000   Number         0  inv_mpu.o ABSOLUTE
    ..\core\driver\eMPL\inv_mpu_dmp_motion_driver.c 0x00000000   Number         0  inv_mpu_dmp_motion_driver.o ABSOLUTE
    ..\core\driver\stm32L\log_stm32.c        0x00000000   Number         0  log_stm32.o ABSOLUTE
    ..\core\eMPL-hal\eMPL_outputs.c          0x00000000   Number         0  empl_outputs.o ABSOLUTE
    ..\core\mllite\data_builder.c            0x00000000   Number         0  data_builder.o ABSOLUTE
    ..\core\mllite\hal_outputs.c             0x00000000   Number         0  hal_outputs.o ABSOLUTE
    ..\core\mllite\message_layer.c           0x00000000   Number         0  message_layer.o ABSOLUTE
    ..\core\mllite\ml_math_func.c            0x00000000   Number         0  ml_math_func.o ABSOLUTE
    ..\core\mllite\mlmath.c                  0x00000000   Number         0  mlmath.o ABSOLUTE
    ..\core\mllite\mpl.c                     0x00000000   Number         0  mpl.o ABSOLUTE
    ..\core\mllite\results_holder.c          0x00000000   Number         0  results_holder.o ABSOLUTE
    ..\core\mllite\start_manager.c           0x00000000   Number         0  start_manager.o ABSOLUTE
    ..\core\mllite\storage_manager.c         0x00000000   Number         0  storage_manager.o ABSOLUTE
    MPL_LIB\mpl\fast_no_motion.c             0x00000000   Number         0  fast_no_motion.o ABSOLUTE
    MPL_LIB\mpl\fusion_9axis.c               0x00000000   Number         0  fusion_9axis.o ABSOLUTE
    MPL_LIB\mpl\gyro_tc.c                    0x00000000   Number         0  gyro_tc.o ABSOLUTE
    MPL_LIB\mpl\mag_disturb.c                0x00000000   Number         0  mag_disturb.o ABSOLUTE
    MPL_LIB\mpl\quaternion_supervisor.c      0x00000000   Number         0  quaternion_supervisor.o ABSOLUTE
    cdcmple.s                                0x00000000   Number         0  cdcmple.o ABSOLUTE
    cdrcmple.s                               0x00000000   Number         0  cdrcmple.o ABSOLUTE
    cfcmple.s                                0x00000000   Number         0  cfcmple.o ABSOLUTE
    cfrcmple.s                               0x00000000   Number         0  cfrcmple.o ABSOLUTE
    dc.s                                     0x00000000   Number         0  dc.o ABSOLUTE
    handlers.s                               0x00000000   Number         0  handlers.o ABSOLUTE
    init.s                                   0x00000000   Number         0  init.o ABSOLUTE
    startup_stm32f103xb.s                    0x00000000   Number         0  startup_stm32f103xb.o ABSOLUTE
    RESET                                    0x08000000   Section      236  startup_stm32f103xb.o(RESET)
    .ARM.Collect$$$$00000000                 0x080000ec   Section        0  entry.o(.ARM.Collect$$$$00000000)
    .ARM.Collect$$$$00000001                 0x080000ec   Section        4  entry2.o(.ARM.Collect$$$$00000001)
    .ARM.Collect$$$$00000004                 0x080000f0   Section        4  entry5.o(.ARM.Collect$$$$00000004)
    .ARM.Collect$$$$00000008                 0x080000f4   Section        0  entry7b.o(.ARM.Collect$$$$00000008)
    .ARM.Collect$$$$0000000A                 0x080000f4   Section        0  entry8b.o(.ARM.Collect$$$$0000000A)
    .ARM.Collect$$$$0000000B                 0x080000f4   Section        8  entry9a.o(.ARM.Collect$$$$0000000B)
    .ARM.Collect$$$$0000000D                 0x080000fc   Section        0  entry10a.o(.ARM.Collect$$$$0000000D)
    .ARM.Collect$$$$0000000F                 0x080000fc   Section        0  entry11a.o(.ARM.Collect$$$$0000000F)
    .ARM.Collect$$$$00002712                 0x080000fc   Section        4  entry2.o(.ARM.Collect$$$$00002712)
    __lit__00000000                          0x080000fc   Data           4  entry2.o(.ARM.Collect$$$$00002712)
    .text                                    0x08000100   Section       36  startup_stm32f103xb.o(.text)
    .text                                    0x08000124   Section        0  memseta.o(.text)
    .text                                    0x08000148   Section       36  init.o(.text)
    i.BusFault_Handler                       0x0800016c   Section        0  stm32f1xx_it.o(i.BusFault_Handler)
    i.DebugMon_Handler                       0x0800016e   Section        0  stm32f1xx_it.o(i.DebugMon_Handler)
    i.EXTI9_5_IRQHandler                     0x08000170   Section        0  stm32f1xx_it.o(i.EXTI9_5_IRQHandler)
    i.Error_Handler                          0x08000176   Section        0  main.o(i.Error_Handler)
    i.HAL_GPIO_EXTI_Callback                 0x08000178   Section        0  main.o(i.HAL_GPIO_EXTI_Callback)
    i.HAL_GPIO_EXTI_IRQHandler               0x08000184   Section        0  stm32f1xx_hal_gpio.o(i.HAL_GPIO_EXTI_IRQHandler)
    i.HAL_GPIO_Init                          0x0800019c   Section        0  stm32f1xx_hal_gpio.o(i.HAL_GPIO_Init)
    i.HAL_GPIO_WritePin                      0x08000358   Section        0  stm32f1xx_hal_gpio.o(i.HAL_GPIO_WritePin)
    i.HAL_GetTick                            0x08000364   Section        0  stm32f1xx_hal.o(i.HAL_GetTick)
    i.HAL_I2C_Init                           0x08000370   Section        0  stm32f1xx_hal_i2c.o(i.HAL_I2C_Init)
    i.HAL_I2C_MspInit                        0x080004b0   Section        0  i2c.o(i.HAL_I2C_MspInit)
    i.HAL_IncTick                            0x0800050c   Section        0  stm32f1xx_hal.o(i.HAL_IncTick)
    i.HAL_Init                               0x0800051c   Section        0  stm32f1xx_hal.o(i.HAL_Init)
    i.HAL_InitTick                           0x08000540   Section        0  stm32f1xx_hal.o(i.HAL_InitTick)
    i.HAL_MspInit                            0x08000580   Section        0  stm32f1xx_hal_msp.o(i.HAL_MspInit)
    i.HAL_NVIC_EnableIRQ                     0x080005bc   Section        0  stm32f1xx_hal_cortex.o(i.HAL_NVIC_EnableIRQ)
    i.HAL_NVIC_SetPriority                   0x080005d4   Section        0  stm32f1xx_hal_cortex.o(i.HAL_NVIC_SetPriority)
    i.HAL_NVIC_SetPriorityGrouping           0x08000614   Section        0  stm32f1xx_hal_cortex.o(i.HAL_NVIC_SetPriorityGrouping)
    i.HAL_RCC_ClockConfig                    0x08000638   Section        0  stm32f1xx_hal_rcc.o(i.HAL_RCC_ClockConfig)
    i.HAL_RCC_GetPCLK1Freq                   0x080007a4   Section        0  stm32f1xx_hal_rcc.o(i.HAL_RCC_GetPCLK1Freq)
    i.HAL_RCC_GetPCLK2Freq                   0x080007c4   Section        0  stm32f1xx_hal_rcc.o(i.HAL_RCC_GetPCLK2Freq)
    i.HAL_RCC_GetSysClockFreq                0x080007e4   Section        0  stm32f1xx_hal_rcc.o(i.HAL_RCC_GetSysClockFreq)
    i.HAL_RCC_OscConfig                      0x08000850   Section        0  stm32f1xx_hal_rcc.o(i.HAL_RCC_OscConfig)
    i.HAL_SYSTICK_Config                     0x08000b54   Section        0  stm32f1xx_hal_cortex.o(i.HAL_SYSTICK_Config)
    i.HAL_TIMEx_MasterConfigSynchronization  0x08000b7c   Section        0  stm32f1xx_hal_tim_ex.o(i.HAL_TIMEx_MasterConfigSynchronization)
    i.HAL_TIM_Base_Init                      0x08000bcc   Section        0  stm32f1xx_hal_tim.o(i.HAL_TIM_Base_Init)
    i.HAL_TIM_Base_MspInit                   0x08000c04   Section        0  tim.o(i.HAL_TIM_Base_MspInit)
    i.HAL_TIM_ConfigClockSource              0x08000c28   Section        0  stm32f1xx_hal_tim.o(i.HAL_TIM_ConfigClockSource)
    i.HAL_TIM_MspPostInit                    0x08000d1c   Section        0  tim.o(i.HAL_TIM_MspPostInit)
    i.HAL_TIM_PWM_ConfigChannel              0x08000d64   Section        0  stm32f1xx_hal_tim.o(i.HAL_TIM_PWM_ConfigChannel)
    i.HAL_TIM_PWM_Init                       0x08000e34   Section        0  stm32f1xx_hal_tim.o(i.HAL_TIM_PWM_Init)
    i.HAL_TIM_PWM_MspInit                    0x08000e6a   Section        0  stm32f1xx_hal_tim.o(i.HAL_TIM_PWM_MspInit)
    i.HAL_TIM_PWM_Start                      0x08000e6c   Section        0  stm32f1xx_hal_tim.o(i.HAL_TIM_PWM_Start)
    i.HAL_UART_Init                          0x08000e9c   Section        0  stm32f1xx_hal_uart.o(i.HAL_UART_Init)
    i.HAL_UART_MspInit                       0x08000f00   Section        0  usart.o(i.HAL_UART_MspInit)
    i.HardFault_Handler                      0x08000f70   Section        0  stm32f1xx_it.o(i.HardFault_Handler)
    i.MX_GPIO_Init                           0x08000f74   Section        0  gpio.o(i.MX_GPIO_Init)
    i.MX_I2C1_Init                           0x08001034   Section        0  i2c.o(i.MX_I2C1_Init)
    i.MX_TIM2_Init                           0x08001074   Section        0  tim.o(i.MX_TIM2_Init)
    i.MX_USART1_UART_Init                    0x0800113c   Section        0  usart.o(i.MX_USART1_UART_Init)
    i.MemManage_Handler                      0x08001174   Section        0  stm32f1xx_it.o(i.MemManage_Handler)
    i.NMI_Handler                            0x08001176   Section        0  stm32f1xx_it.o(i.NMI_Handler)
    i.NVIC_SetPriority                       0x08001178   Section        0  stm32f1xx_hal_cortex.o(i.NVIC_SetPriority)
    NVIC_SetPriority                         0x08001179   Thumb Code    32  stm32f1xx_hal_cortex.o(i.NVIC_SetPriority)
    i.PendSV_Handler                         0x08001198   Section        0  stm32f1xx_it.o(i.PendSV_Handler)
    i.SVC_Handler                            0x0800119a   Section        0  stm32f1xx_it.o(i.SVC_Handler)
    i.SysTick_Handler                        0x0800119c   Section        0  stm32f1xx_it.o(i.SysTick_Handler)
    i.SystemClock_Config                     0x080011a0   Section        0  main.o(i.SystemClock_Config)
    i.SystemInit                             0x080011f0   Section        0  system_stm32f1xx.o(i.SystemInit)
    i.TIM_Base_SetConfig                     0x08001238   Section        0  stm32f1xx_hal_tim.o(i.TIM_Base_SetConfig)
    i.TIM_CCxChannelCmd                      0x080012a4   Section        0  stm32f1xx_hal_tim.o(i.TIM_CCxChannelCmd)
    i.TIM_ETR_SetConfig                      0x080012ba   Section        0  stm32f1xx_hal_tim.o(i.TIM_ETR_SetConfig)
    TIM_ETR_SetConfig                        0x080012bb   Thumb Code    20  stm32f1xx_hal_tim.o(i.TIM_ETR_SetConfig)
    i.TIM_ITRx_SetConfig                     0x080012ce   Section        0  stm32f1xx_hal_tim.o(i.TIM_ITRx_SetConfig)
    TIM_ITRx_SetConfig                       0x080012cf   Thumb Code    16  stm32f1xx_hal_tim.o(i.TIM_ITRx_SetConfig)
    i.TIM_OC1_SetConfig                      0x080012e0   Section        0  stm32f1xx_hal_tim.o(i.TIM_OC1_SetConfig)
    TIM_OC1_SetConfig                        0x080012e1   Thumb Code    74  stm32f1xx_hal_tim.o(i.TIM_OC1_SetConfig)
    i.TIM_OC2_SetConfig                      0x08001330   Section        0  stm32f1xx_hal_tim.o(i.TIM_OC2_SetConfig)
    i.TIM_OC3_SetConfig                      0x08001388   Section        0  stm32f1xx_hal_tim.o(i.TIM_OC3_SetConfig)
    TIM_OC3_SetConfig                        0x08001389   Thumb Code    82  stm32f1xx_hal_tim.o(i.TIM_OC3_SetConfig)
    i.TIM_OC4_SetConfig                      0x080013e0   Section        0  stm32f1xx_hal_tim.o(i.TIM_OC4_SetConfig)
    TIM_OC4_SetConfig                        0x080013e1   Thumb Code    64  stm32f1xx_hal_tim.o(i.TIM_OC4_SetConfig)
    i.TIM_SetTIM2Compare2                    0x08001424   Section        0  tim.o(i.TIM_SetTIM2Compare2)
    i.TIM_TI1_ConfigInputStage               0x0800142c   Section        0  stm32f1xx_hal_tim.o(i.TIM_TI1_ConfigInputStage)
    TIM_TI1_ConfigInputStage                 0x0800142d   Thumb Code    34  stm32f1xx_hal_tim.o(i.TIM_TI1_ConfigInputStage)
    i.TIM_TI2_ConfigInputStage               0x0800144e   Section        0  stm32f1xx_hal_tim.o(i.TIM_TI2_ConfigInputStage)
    TIM_TI2_ConfigInputStage                 0x0800144f   Thumb Code    36  stm32f1xx_hal_tim.o(i.TIM_TI2_ConfigInputStage)
    i.UART_SetConfig                         0x08001474   Section        0  stm32f1xx_hal_uart.o(i.UART_SetConfig)
    UART_SetConfig                           0x08001475   Thumb Code   364  stm32f1xx_hal_uart.o(i.UART_SetConfig)
    i.UsageFault_Handler                     0x080015e4   Section        0  stm32f1xx_it.o(i.UsageFault_Handler)
    i.__scatterload_copy                     0x080015e6   Section       14  handlers.o(i.__scatterload_copy)
    i.__scatterload_null                     0x080015f4   Section        2  handlers.o(i.__scatterload_null)
    i.__scatterload_zeroinit                 0x080015f6   Section       14  handlers.o(i.__scatterload_zeroinit)
    i.gyro_data_ready_cb                     0x08001604   Section        0  mpu_module.o(i.gyro_data_ready_cb)
    i.main                                   0x08001610   Section        0  main.o(i.main)
    .constdata                               0x08001668   Section       16  system_stm32f1xx.o(.constdata)
    .constdata                               0x08001678   Section        8  system_stm32f1xx.o(.constdata)
    .data                                    0x20000000   Section       12  stm32f1xx_hal.o(.data)
    .data                                    0x2000000c   Section        4  system_stm32f1xx.o(.data)
    .bss                                     0x20000010   Section       20  mpu_module.o(.bss)
    hal                                      0x20000010   Data          20  mpu_module.o(.bss)
    .bss                                     0x20000024   Section       84  i2c.o(.bss)
    .bss                                     0x20000078   Section       64  tim.o(.bss)
    .bss                                     0x200000b8   Section       64  usart.o(.bss)
    STACK                                    0x200000f8   Section     1024  startup_stm32f103xb.o(STACK)

    Global Symbols

    Symbol Name                              Value     Ov Type        Size  Object(Section)

    BuildAttributes$$THM_ISAv4$P$D$K$B$S$PE$A:L22UL41UL21$X:L11$S22US41US21$IEEE1$IW$USESV6$~STKCKD$USESV7$~SHL$OTIME$ROPI$IEEEX$EBA8$MICROLIB$REQ8$PRES8$EABIv2 0x00000000   Number         0  anon$$obj.o ABSOLUTE
    __ARM_use_no_argv                        0x00000000   Number         0  main.o ABSOLUTE
    __cpp_initialize__aeabi_                  - Undefined Weak Reference
    __cxa_finalize                            - Undefined Weak Reference
    __decompress                              - Undefined Weak Reference
    _clock_init                               - Undefined Weak Reference
    _microlib_exit                            - Undefined Weak Reference
    __Vectors_Size                           0x000000ec   Number         0  startup_stm32f103xb.o ABSOLUTE
    __Vectors                                0x08000000   Data           4  startup_stm32f103xb.o(RESET)
    __Vectors_End                            0x080000ec   Data           0  startup_stm32f103xb.o(RESET)
    __main                                   0x080000ed   Thumb Code     0  entry.o(.ARM.Collect$$$$00000000)
    _main_stk                                0x080000ed   Thumb Code     0  entry2.o(.ARM.Collect$$$$00000001)
    _main_scatterload                        0x080000f1   Thumb Code     0  entry5.o(.ARM.Collect$$$$00000004)
    __main_after_scatterload                 0x080000f5   Thumb Code     0  entry5.o(.ARM.Collect$$$$00000004)
    _main_clock                              0x080000f5   Thumb Code     0  entry7b.o(.ARM.Collect$$$$00000008)
    _main_cpp_init                           0x080000f5   Thumb Code     0  entry8b.o(.ARM.Collect$$$$0000000A)
    _main_init                               0x080000f5   Thumb Code     0  entry9a.o(.ARM.Collect$$$$0000000B)
    __rt_final_cpp                           0x080000fd   Thumb Code     0  entry10a.o(.ARM.Collect$$$$0000000D)
    __rt_final_exit                          0x080000fd   Thumb Code     0  entry11a.o(.ARM.Collect$$$$0000000F)
    Reset_Handler                            0x08000101   Thumb Code     8  startup_stm32f103xb.o(.text)
    ADC1_2_IRQHandler                        0x0800011b   Thumb Code     0  startup_stm32f103xb.o(.text)
    CAN1_RX1_IRQHandler                      0x0800011b   Thumb Code     0  startup_stm32f103xb.o(.text)
    CAN1_SCE_IRQHandler                      0x0800011b   Thumb Code     0  startup_stm32f103xb.o(.text)
    DMA1_Channel1_IRQHandler                 0x0800011b   Thumb Code     0  startup_stm32f103xb.o(.text)
    DMA1_Channel2_IRQHandler                 0x0800011b   Thumb Code     0  startup_stm32f103xb.o(.text)
    DMA1_Channel3_IRQHandler                 0x0800011b   Thumb Code     0  startup_stm32f103xb.o(.text)
    DMA1_Channel4_IRQHandler                 0x0800011b   Thumb Code     0  startup_stm32f103xb.o(.text)
    DMA1_Channel5_IRQHandler                 0x0800011b   Thumb Code     0  startup_stm32f103xb.o(.text)
    DMA1_Channel6_IRQHandler                 0x0800011b   Thumb Code     0  startup_stm32f103xb.o(.text)
    DMA1_Channel7_IRQHandler                 0x0800011b   Thumb Code     0  startup_stm32f103xb.o(.text)
    EXTI0_IRQHandler                         0x0800011b   Thumb Code     0  startup_stm32f103xb.o(.text)
    EXTI15_10_IRQHandler                     0x0800011b   Thumb Code     0  startup_stm32f103xb.o(.text)
    EXTI1_IRQHandler                         0x0800011b   Thumb Code     0  startup_stm32f103xb.o(.text)
    EXTI2_IRQHandler                         0x0800011b   Thumb Code     0  startup_stm32f103xb.o(.text)
    EXTI3_IRQHandler                         0x0800011b   Thumb Code     0  startup_stm32f103xb.o(.text)
    EXTI4_IRQHandler                         0x0800011b   Thumb Code     0  startup_stm32f103xb.o(.text)
    FLASH_IRQHandler                         0x0800011b   Thumb Code     0  startup_stm32f103xb.o(.text)
    I2C1_ER_IRQHandler                       0x0800011b   Thumb Code     0  startup_stm32f103xb.o(.text)
    I2C1_EV_IRQHandler                       0x0800011b   Thumb Code     0  startup_stm32f103xb.o(.text)
    I2C2_ER_IRQHandler                       0x0800011b   Thumb Code     0  startup_stm32f103xb.o(.text)
    I2C2_EV_IRQHandler                       0x0800011b   Thumb Code     0  startup_stm32f103xb.o(.text)
    PVD_IRQHandler                           0x0800011b   Thumb Code     0  startup_stm32f103xb.o(.text)
    RCC_IRQHandler                           0x0800011b   Thumb Code     0  startup_stm32f103xb.o(.text)
    RTC_Alarm_IRQHandler                     0x0800011b   Thumb Code     0  startup_stm32f103xb.o(.text)
    RTC_IRQHandler                           0x0800011b   Thumb Code     0  startup_stm32f103xb.o(.text)
    SPI1_IRQHandler                          0x0800011b   Thumb Code     0  startup_stm32f103xb.o(.text)
    SPI2_IRQHandler                          0x0800011b   Thumb Code     0  startup_stm32f103xb.o(.text)
    TAMPER_IRQHandler                        0x0800011b   Thumb Code     0  startup_stm32f103xb.o(.text)
    TIM1_BRK_IRQHandler                      0x0800011b   Thumb Code     0  startup_stm32f103xb.o(.text)
    TIM1_CC_IRQHandler                       0x0800011b   Thumb Code     0  startup_stm32f103xb.o(.text)
    TIM1_TRG_COM_IRQHandler                  0x0800011b   Thumb Code     0  startup_stm32f103xb.o(.text)
    TIM1_UP_IRQHandler                       0x0800011b   Thumb Code     0  startup_stm32f103xb.o(.text)
    TIM2_IRQHandler                          0x0800011b   Thumb Code     0  startup_stm32f103xb.o(.text)
    TIM3_IRQHandler                          0x0800011b   Thumb Code     0  startup_stm32f103xb.o(.text)
    TIM4_IRQHandler                          0x0800011b   Thumb Code     0  startup_stm32f103xb.o(.text)
    USART1_IRQHandler                        0x0800011b   Thumb Code     0  startup_stm32f103xb.o(.text)
    USART2_IRQHandler                        0x0800011b   Thumb Code     0  startup_stm32f103xb.o(.text)
    USART3_IRQHandler                        0x0800011b   Thumb Code     0  startup_stm32f103xb.o(.text)
    USBWakeUp_IRQHandler                     0x0800011b   Thumb Code     0  startup_stm32f103xb.o(.text)
    USB_HP_CAN1_TX_IRQHandler                0x0800011b   Thumb Code     0  startup_stm32f103xb.o(.text)
    USB_LP_CAN1_RX0_IRQHandler               0x0800011b   Thumb Code     0  startup_stm32f103xb.o(.text)
    WWDG_IRQHandler                          0x0800011b   Thumb Code     0  startup_stm32f103xb.o(.text)
    __aeabi_memset                           0x08000125   Thumb Code    14  memseta.o(.text)
    __aeabi_memset4                          0x08000125   Thumb Code     0  memseta.o(.text)
    __aeabi_memset8                          0x08000125   Thumb Code     0  memseta.o(.text)
    __aeabi_memclr                           0x08000133   Thumb Code     4  memseta.o(.text)
    __aeabi_memclr4                          0x08000133   Thumb Code     0  memseta.o(.text)
    __aeabi_memclr8                          0x08000133   Thumb Code     0  memseta.o(.text)
    _memset$wrapper                          0x08000137   Thumb Code    18  memseta.o(.text)
    __scatterload                            0x08000149   Thumb Code    28  init.o(.text)
    __scatterload_rt2                        0x08000149   Thumb Code     0  init.o(.text)
    BusFault_Handler                         0x0800016d   Thumb Code     2  stm32f1xx_it.o(i.BusFault_Handler)
    DebugMon_Handler                         0x0800016f   Thumb Code     2  stm32f1xx_it.o(i.DebugMon_Handler)
    EXTI9_5_IRQHandler                       0x08000171   Thumb Code     6  stm32f1xx_it.o(i.EXTI9_5_IRQHandler)
    Error_Handler                            0x08000177   Thumb Code     2  main.o(i.Error_Handler)
    HAL_GPIO_EXTI_Callback                   0x08000179   Thumb Code    10  main.o(i.HAL_GPIO_EXTI_Callback)
    HAL_GPIO_EXTI_IRQHandler                 0x08000185   Thumb Code    18  stm32f1xx_hal_gpio.o(i.HAL_GPIO_EXTI_IRQHandler)
    HAL_GPIO_Init                            0x0800019d   Thumb Code   408  stm32f1xx_hal_gpio.o(i.HAL_GPIO_Init)
    HAL_GPIO_WritePin                        0x08000359   Thumb Code    10  stm32f1xx_hal_gpio.o(i.HAL_GPIO_WritePin)
    HAL_GetTick                              0x08000365   Thumb Code     6  stm32f1xx_hal.o(i.HAL_GetTick)
    HAL_I2C_Init                             0x08000371   Thumb Code   302  stm32f1xx_hal_i2c.o(i.HAL_I2C_Init)
    HAL_I2C_MspInit                          0x080004b1   Thumb Code    80  i2c.o(i.HAL_I2C_MspInit)
    HAL_IncTick                              0x0800050d   Thumb Code    12  stm32f1xx_hal.o(i.HAL_IncTick)
    HAL_Init                                 0x0800051d   Thumb Code    32  stm32f1xx_hal.o(i.HAL_Init)
    HAL_InitTick                             0x08000541   Thumb Code    54  stm32f1xx_hal.o(i.HAL_InitTick)
    HAL_MspInit                              0x08000581   Thumb Code    52  stm32f1xx_hal_msp.o(i.HAL_MspInit)
    HAL_NVIC_EnableIRQ                       0x080005bd   Thumb Code    22  stm32f1xx_hal_cortex.o(i.HAL_NVIC_EnableIRQ)
    HAL_NVIC_SetPriority                     0x080005d5   Thumb Code    60  stm32f1xx_hal_cortex.o(i.HAL_NVIC_SetPriority)
    HAL_NVIC_SetPriorityGrouping             0x08000615   Thumb Code    26  stm32f1xx_hal_cortex.o(i.HAL_NVIC_SetPriorityGrouping)
    HAL_RCC_ClockConfig                      0x08000639   Thumb Code   346  stm32f1xx_hal_rcc.o(i.HAL_RCC_ClockConfig)
    HAL_RCC_GetPCLK1Freq                     0x080007a5   Thumb Code    20  stm32f1xx_hal_rcc.o(i.HAL_RCC_GetPCLK1Freq)
    HAL_RCC_GetPCLK2Freq                     0x080007c5   Thumb Code    20  stm32f1xx_hal_rcc.o(i.HAL_RCC_GetPCLK2Freq)
    HAL_RCC_GetSysClockFreq                  0x080007e5   Thumb Code    74  stm32f1xx_hal_rcc.o(i.HAL_RCC_GetSysClockFreq)
    HAL_RCC_OscConfig                        0x08000851   Thumb Code   750  stm32f1xx_hal_rcc.o(i.HAL_RCC_OscConfig)
    HAL_SYSTICK_Config                       0x08000b55   Thumb Code    40  stm32f1xx_hal_cortex.o(i.HAL_SYSTICK_Config)
    HAL_TIMEx_MasterConfigSynchronization    0x08000b7d   Thumb Code    80  stm32f1xx_hal_tim_ex.o(i.HAL_TIMEx_MasterConfigSynchronization)
    HAL_TIM_Base_Init                        0x08000bcd   Thumb Code    54  stm32f1xx_hal_tim.o(i.HAL_TIM_Base_Init)
    HAL_TIM_Base_MspInit                     0x08000c05   Thumb Code    30  tim.o(i.HAL_TIM_Base_MspInit)
    HAL_TIM_ConfigClockSource                0x08000c29   Thumb Code   242  stm32f1xx_hal_tim.o(i.HAL_TIM_ConfigClockSource)
    HAL_TIM_MspPostInit                      0x08000d1d   Thumb Code    62  tim.o(i.HAL_TIM_MspPostInit)
    HAL_TIM_PWM_ConfigChannel                0x08000d65   Thumb Code   208  stm32f1xx_hal_tim.o(i.HAL_TIM_PWM_ConfigChannel)
    HAL_TIM_PWM_Init                         0x08000e35   Thumb Code    54  stm32f1xx_hal_tim.o(i.HAL_TIM_PWM_Init)
    HAL_TIM_PWM_MspInit                      0x08000e6b   Thumb Code     2  stm32f1xx_hal_tim.o(i.HAL_TIM_PWM_MspInit)
    HAL_TIM_PWM_Start                        0x08000e6d   Thumb Code    42  stm32f1xx_hal_tim.o(i.HAL_TIM_PWM_Start)
    HAL_UART_Init                            0x08000e9d   Thumb Code    98  stm32f1xx_hal_uart.o(i.HAL_UART_Init)
    HAL_UART_MspInit                         0x08000f01   Thumb Code   100  usart.o(i.HAL_UART_MspInit)
    HardFault_Handler                        0x08000f71   Thumb Code     2  stm32f1xx_it.o(i.HardFault_Handler)
    MX_GPIO_Init                             0x08000f75   Thumb Code   176  gpio.o(i.MX_GPIO_Init)
    MX_I2C1_Init                             0x08001035   Thumb Code    50  i2c.o(i.MX_I2C1_Init)
    MX_TIM2_Init                             0x08001075   Thumb Code   194  tim.o(i.MX_TIM2_Init)
    MX_USART1_UART_Init                      0x0800113d   Thumb Code    48  usart.o(i.MX_USART1_UART_Init)
    MemManage_Handler                        0x08001175   Thumb Code     2  stm32f1xx_it.o(i.MemManage_Handler)
    NMI_Handler                              0x08001177   Thumb Code     2  stm32f1xx_it.o(i.NMI_Handler)
    PendSV_Handler                           0x08001199   Thumb Code     2  stm32f1xx_it.o(i.PendSV_Handler)
    SVC_Handler                              0x0800119b   Thumb Code     2  stm32f1xx_it.o(i.SVC_Handler)
    SysTick_Handler                          0x0800119d   Thumb Code     4  stm32f1xx_it.o(i.SysTick_Handler)
    SystemClock_Config                       0x080011a1   Thumb Code    78  main.o(i.SystemClock_Config)
    SystemInit                               0x080011f1   Thumb Code    56  system_stm32f1xx.o(i.SystemInit)
    TIM_Base_SetConfig                       0x08001239   Thumb Code    94  stm32f1xx_hal_tim.o(i.TIM_Base_SetConfig)
    TIM_CCxChannelCmd                        0x080012a5   Thumb Code    22  stm32f1xx_hal_tim.o(i.TIM_CCxChannelCmd)
    TIM_OC2_SetConfig                        0x08001331   Thumb Code    84  stm32f1xx_hal_tim.o(i.TIM_OC2_SetConfig)
    TIM_SetTIM2Compare2                      0x08001425   Thumb Code     8  tim.o(i.TIM_SetTIM2Compare2)
    UsageFault_Handler                       0x080015e5   Thumb Code     2  stm32f1xx_it.o(i.UsageFault_Handler)
    __scatterload_copy                       0x080015e7   Thumb Code    14  handlers.o(i.__scatterload_copy)
    __scatterload_null                       0x080015f5   Thumb Code     2  handlers.o(i.__scatterload_null)
    __scatterload_zeroinit                   0x080015f7   Thumb Code    14  handlers.o(i.__scatterload_zeroinit)
    gyro_data_ready_cb                       0x08001605   Thumb Code     8  mpu_module.o(i.gyro_data_ready_cb)
    main                                     0x08001611   Thumb Code    82  main.o(i.main)
    AHBPrescTable                            0x08001668   Data          16  system_stm32f1xx.o(.constdata)
    APBPrescTable                            0x08001678   Data           8  system_stm32f1xx.o(.constdata)
    Region$$Table$$Base                      0x08001680   Number         0  anon$$obj.o(Region$$Table)
    Region$$Table$$Limit                     0x080016a0   Number         0  anon$$obj.o(Region$$Table)
    uwTickFreq                               0x20000000   Data           1  stm32f1xx_hal.o(.data)
    uwTickPrio                               0x20000004   Data           4  stm32f1xx_hal.o(.data)
    uwTick                                   0x20000008   Data           4  stm32f1xx_hal.o(.data)
    SystemCoreClock                          0x2000000c   Data           4  system_stm32f1xx.o(.data)
    hi2c1                                    0x20000024   Data          84  i2c.o(.bss)
    htim2                                    0x20000078   Data          64  tim.o(.bss)
    huart1                                   0x200000b8   Data          64  usart.o(.bss)
    __initial_sp                             0x200004f8   Data           0  startup_stm32f103xb.o(STACK)



==============================================================================

Memory Map of the image

  Image Entry point : 0x080000ed

  Load Region LR_IROM1 (Base: 0x08000000, Size: 0x000016b0, Max: 0x00010000, ABSOLUTE)

    Execution Region ER_IROM1 (Exec base: 0x08000000, Load base: 0x08000000, Size: 0x000016a0, Max: 0x00010000, ABSOLUTE)

    Exec Addr    Load Addr    Size         Type   Attr      Idx    E Section Name        Object

    0x08000000   0x08000000   0x000000ec   Data   RO            3    RESET               startup_stm32f103xb.o
    0x080000ec   0x080000ec   0x00000000   Code   RO         5513  * .ARM.Collect$$$$00000000  mc_w.l(entry.o)
    0x080000ec   0x080000ec   0x00000004   Code   RO         5892    .ARM.Collect$$$$00000001  mc_w.l(entry2.o)
    0x080000f0   0x080000f0   0x00000004   Code   RO         5895    .ARM.Collect$$$$00000004  mc_w.l(entry5.o)
    0x080000f4   0x080000f4   0x00000000   Code   RO         5897    .ARM.Collect$$$$00000008  mc_w.l(entry7b.o)
    0x080000f4   0x080000f4   0x00000000   Code   RO         5899    .ARM.Collect$$$$0000000A  mc_w.l(entry8b.o)
    0x080000f4   0x080000f4   0x00000008   Code   RO         5900    .ARM.Collect$$$$0000000B  mc_w.l(entry9a.o)
    0x080000fc   0x080000fc   0x00000000   Code   RO         5902    .ARM.Collect$$$$0000000D  mc_w.l(entry10a.o)
    0x080000fc   0x080000fc   0x00000000   Code   RO         5904    .ARM.Collect$$$$0000000F  mc_w.l(entry11a.o)
    0x080000fc   0x080000fc   0x00000004   Code   RO         5893    .ARM.Collect$$$$00002712  mc_w.l(entry2.o)
    0x08000100   0x08000100   0x00000024   Code   RO            4    .text               startup_stm32f103xb.o
    0x08000124   0x08000124   0x00000024   Code   RO         5528    .text               mc_w.l(memseta.o)
    0x08000148   0x08000148   0x00000024   Code   RO         5931    .text               mc_w.l(init.o)
    0x0800016c   0x0800016c   0x00000002   Code   RO          894    i.BusFault_Handler  stm32f1xx_it.o
    0x0800016e   0x0800016e   0x00000002   Code   RO          895    i.DebugMon_Handler  stm32f1xx_it.o
    0x08000170   0x08000170   0x00000006   Code   RO          896    i.EXTI9_5_IRQHandler  stm32f1xx_it.o
    0x08000176   0x08000176   0x00000002   Code   RO          631    i.Error_Handler     main.o
    0x08000178   0x08000178   0x0000000a   Code   RO          632    i.HAL_GPIO_EXTI_Callback  main.o
    0x08000182   0x08000182   0x00000002   PAD
    0x08000184   0x08000184   0x00000018   Code   RO         2925    i.HAL_GPIO_EXTI_IRQHandler  stm32f1xx_hal_gpio.o
    0x0800019c   0x0800019c   0x000001bc   Code   RO         2926    i.HAL_GPIO_Init     stm32f1xx_hal_gpio.o
    0x08000358   0x08000358   0x0000000a   Code   RO         2930    i.HAL_GPIO_WritePin  stm32f1xx_hal_gpio.o
    0x08000362   0x08000362   0x00000002   PAD
    0x08000364   0x08000364   0x0000000c   Code   RO         2634    i.HAL_GetTick       stm32f1xx_hal.o
    0x08000370   0x08000370   0x00000140   Code   RO         1046    i.HAL_I2C_Init      stm32f1xx_hal_i2c.o
    0x080004b0   0x080004b0   0x0000005c   Code   RO          721    i.HAL_I2C_MspInit   i2c.o
    0x0800050c   0x0800050c   0x00000010   Code   RO         2638    i.HAL_IncTick       stm32f1xx_hal.o
    0x0800051c   0x0800051c   0x00000024   Code   RO         2639    i.HAL_Init          stm32f1xx_hal.o
    0x08000540   0x08000540   0x00000040   Code   RO         2640    i.HAL_InitTick      stm32f1xx_hal.o
    0x08000580   0x08000580   0x0000003c   Code   RO          975    i.HAL_MspInit       stm32f1xx_hal_msp.o
    0x080005bc   0x080005bc   0x00000016   Code   RO         3086    i.HAL_NVIC_EnableIRQ  stm32f1xx_hal_cortex.o
    0x080005d2   0x080005d2   0x00000002   PAD
    0x080005d4   0x080005d4   0x00000040   Code   RO         3092    i.HAL_NVIC_SetPriority  stm32f1xx_hal_cortex.o
    0x08000614   0x08000614   0x00000024   Code   RO         3093    i.HAL_NVIC_SetPriorityGrouping  stm32f1xx_hal_cortex.o
    0x08000638   0x08000638   0x0000016c   Code   RO         2786    i.HAL_RCC_ClockConfig  stm32f1xx_hal_rcc.o
    0x080007a4   0x080007a4   0x00000020   Code   RO         2793    i.HAL_RCC_GetPCLK1Freq  stm32f1xx_hal_rcc.o
    0x080007c4   0x080007c4   0x00000020   Code   RO         2794    i.HAL_RCC_GetPCLK2Freq  stm32f1xx_hal_rcc.o
    0x080007e4   0x080007e4   0x0000006c   Code   RO         2795    i.HAL_RCC_GetSysClockFreq  stm32f1xx_hal_rcc.o
    0x08000850   0x08000850   0x00000304   Code   RO         2798    i.HAL_RCC_OscConfig  stm32f1xx_hal_rcc.o
    0x08000b54   0x08000b54   0x00000028   Code   RO         3097    i.HAL_SYSTICK_Config  stm32f1xx_hal_cortex.o
    0x08000b7c   0x08000b7c   0x00000050   Code   RO         2081    i.HAL_TIMEx_MasterConfigSynchronization  stm32f1xx_hal_tim_ex.o
    0x08000bcc   0x08000bcc   0x00000036   Code   RO         1435    i.HAL_TIM_Base_Init  stm32f1xx_hal_tim.o
    0x08000c02   0x08000c02   0x00000002   PAD
    0x08000c04   0x08000c04   0x00000024   Code   RO          775    i.HAL_TIM_Base_MspInit  tim.o
    0x08000c28   0x08000c28   0x000000f2   Code   RO         1444    i.HAL_TIM_ConfigClockSource  stm32f1xx_hal_tim.o
    0x08000d1a   0x08000d1a   0x00000002   PAD
    0x08000d1c   0x08000d1c   0x00000048   Code   RO          776    i.HAL_TIM_MspPostInit  tim.o
    0x08000d64   0x08000d64   0x000000d0   Code   RO         1501    i.HAL_TIM_PWM_ConfigChannel  stm32f1xx_hal_tim.o
    0x08000e34   0x08000e34   0x00000036   Code   RO         1504    i.HAL_TIM_PWM_Init  stm32f1xx_hal_tim.o
    0x08000e6a   0x08000e6a   0x00000002   Code   RO         1506    i.HAL_TIM_PWM_MspInit  stm32f1xx_hal_tim.o
    0x08000e6c   0x08000e6c   0x00000030   Code   RO         1508    i.HAL_TIM_PWM_Start  stm32f1xx_hal_tim.o
    0x08000e9c   0x08000e9c   0x00000062   Code   RO         2322    i.HAL_UART_Init     stm32f1xx_hal_uart.o
    0x08000efe   0x08000efe   0x00000002   PAD
    0x08000f00   0x08000f00   0x00000070   Code   RO          847    i.HAL_UART_MspInit  usart.o
    0x08000f70   0x08000f70   0x00000002   Code   RO          897    i.HardFault_Handler  stm32f1xx_it.o
    0x08000f72   0x08000f72   0x00000002   PAD
    0x08000f74   0x08000f74   0x000000c0   Code   RO          696    i.MX_GPIO_Init      gpio.o
    0x08001034   0x08001034   0x00000040   Code   RO          722    i.MX_I2C1_Init      i2c.o
    0x08001074   0x08001074   0x000000c8   Code   RO          777    i.MX_TIM2_Init      tim.o
    0x0800113c   0x0800113c   0x00000038   Code   RO          848    i.MX_USART1_UART_Init  usart.o
    0x08001174   0x08001174   0x00000002   Code   RO          898    i.MemManage_Handler  stm32f1xx_it.o
    0x08001176   0x08001176   0x00000002   Code   RO          899    i.NMI_Handler       stm32f1xx_it.o
    0x08001178   0x08001178   0x00000020   Code   RO         3099    i.NVIC_SetPriority  stm32f1xx_hal_cortex.o
    0x08001198   0x08001198   0x00000002   Code   RO          900    i.PendSV_Handler    stm32f1xx_it.o
    0x0800119a   0x0800119a   0x00000002   Code   RO          901    i.SVC_Handler       stm32f1xx_it.o
    0x0800119c   0x0800119c   0x00000004   Code   RO          902    i.SysTick_Handler   stm32f1xx_it.o
    0x080011a0   0x080011a0   0x0000004e   Code   RO          633    i.SystemClock_Config  main.o
    0x080011ee   0x080011ee   0x00000002   PAD
    0x080011f0   0x080011f0   0x00000048   Code   RO         3515    i.SystemInit        system_stm32f1xx.o
    0x08001238   0x08001238   0x0000006c   Code   RO         1519    i.TIM_Base_SetConfig  stm32f1xx_hal_tim.o
    0x080012a4   0x080012a4   0x00000016   Code   RO         1520    i.TIM_CCxChannelCmd  stm32f1xx_hal_tim.o
    0x080012ba   0x080012ba   0x00000014   Code   RO         1526    i.TIM_ETR_SetConfig  stm32f1xx_hal_tim.o
    0x080012ce   0x080012ce   0x00000010   Code   RO         1527    i.TIM_ITRx_SetConfig  stm32f1xx_hal_tim.o
    0x080012de   0x080012de   0x00000002   PAD
    0x080012e0   0x080012e0   0x00000050   Code   RO         1528    i.TIM_OC1_SetConfig  stm32f1xx_hal_tim.o
    0x08001330   0x08001330   0x00000058   Code   RO         1529    i.TIM_OC2_SetConfig  stm32f1xx_hal_tim.o
    0x08001388   0x08001388   0x00000058   Code   RO         1530    i.TIM_OC3_SetConfig  stm32f1xx_hal_tim.o
    0x080013e0   0x080013e0   0x00000044   Code   RO         1531    i.TIM_OC4_SetConfig  stm32f1xx_hal_tim.o
    0x08001424   0x08001424   0x00000008   Code   RO          779    i.TIM_SetTIM2Compare2  tim.o
    0x0800142c   0x0800142c   0x00000022   Code   RO         1533    i.TIM_TI1_ConfigInputStage  stm32f1xx_hal_tim.o
    0x0800144e   0x0800144e   0x00000024   Code   RO         1535    i.TIM_TI2_ConfigInputStage  stm32f1xx_hal_tim.o
    0x08001472   0x08001472   0x00000002   PAD
    0x08001474   0x08001474   0x00000170   Code   RO         2348    i.UART_SetConfig    stm32f1xx_hal_uart.o
    0x080015e4   0x080015e4   0x00000002   Code   RO          903    i.UsageFault_Handler  stm32f1xx_it.o
    0x080015e6   0x080015e6   0x0000000e   Code   RO         5937    i.__scatterload_copy  mc_w.l(handlers.o)
    0x080015f4   0x080015f4   0x00000002   Code   RO         5938    i.__scatterload_null  mc_w.l(handlers.o)
    0x080015f6   0x080015f6   0x0000000e   Code   RO         5939    i.__scatterload_zeroinit  mc_w.l(handlers.o)
    0x08001604   0x08001604   0x0000000c   Code   RO          451    i.gyro_data_ready_cb  mpu_module.o
    0x08001610   0x08001610   0x00000058   Code   RO          635    i.main              main.o
    0x08001668   0x08001668   0x00000010   Data   RO         3516    .constdata          system_stm32f1xx.o
    0x08001678   0x08001678   0x00000008   Data   RO         3517    .constdata          system_stm32f1xx.o
    0x08001680   0x08001680   0x00000020   Data   RO         5935    Region$$Table       anon$$obj.o


    Execution Region RW_IRAM1 (Exec base: 0x20000000, Load base: 0x080016a0, Size: 0x000004f8, Max: 0x00005000, ABSOLUTE)

    Exec Addr    Load Addr    Size         Type   Attr      Idx    E Section Name        Object

    0x20000000   0x080016a0   0x0000000c   Data   RW         2646    .data               stm32f1xx_hal.o
    0x2000000c   0x080016ac   0x00000004   Data   RW         3518    .data               system_stm32f1xx.o
    0x20000010        -       0x00000014   Zero   RW          457    .bss                mpu_module.o
    0x20000024        -       0x00000054   Zero   RW          725    .bss                i2c.o
    0x20000078        -       0x00000040   Zero   RW          782    .bss                tim.o
    0x200000b8        -       0x00000040   Zero   RW          850    .bss                usart.o
    0x200000f8        -       0x00000400   Zero   RW            1    STACK               startup_stm32f103xb.o


==============================================================================

Image component sizes


      Code (inc. data)   RO Data    RW Data    ZI Data      Debug   Object Name

       192         16          0          0          0        883   gpio.o
       156         26          0          0         84       1565   i2c.o
         0          0          0          0          0     437112   inv_mpu.o
       178          6          0          0          0       2277   main.o
        12          4          0          0         20       1935   mpu_module.o
        36          8        236          0       1024        784   startup_stm32f103xb.o
       128         24          0         12          0       5173   stm32f1xx_hal.o
       194         14          0          0          0      25651   stm32f1xx_hal_cortex.o
       478         42          0          0          0       3403   stm32f1xx_hal_gpio.o
       320         18          0          0          0       2883   stm32f1xx_hal_i2c.o
        60          8          0          0          0        810   stm32f1xx_hal_msp.o
      1308         98          0          0          0       5124   stm32f1xx_hal_rcc.o
      1168         40          0          0          0      11586   stm32f1xx_hal_tim.o
        80          0          0          0          0       1240   stm32f1xx_hal_tim_ex.o
       466          4          0          0          0       1852   stm32f1xx_hal_uart.o
        26          0          0          0          0       4047   stm32f1xx_it.o
        72         16         24          4          0       1103   system_stm32f1xx.o
       316         22          0          0         64       2630   tim.o
       168         20          0          0         64       1574   usart.o

    ----------------------------------------------------------------------
      5378        366        292         16       1256     511632   Object Totals
         0          0         32          0          0          0   (incl. Generated)
        20          0          0          0          0          0   (incl. Padding)

    ----------------------------------------------------------------------

      Code (inc. data)   RO Data    RW Data    ZI Data      Debug   Library Member Name

         0          0          0          0          0          0   entry.o
         0          0          0          0          0          0   entry10a.o
         0          0          0          0          0          0   entry11a.o
         8          4          0          0          0          0   entry2.o
         4          0          0          0          0          0   entry5.o
         0          0          0          0          0          0   entry7b.o
         0          0          0          0          0          0   entry8b.o
         8          4          0          0          0          0   entry9a.o
        30          0          0          0          0          0   handlers.o
        36          8          0          0          0         68   init.o
        36          0          0          0          0        108   memseta.o

    ----------------------------------------------------------------------
       122         16          0          0          0        176   Library Totals
         0          0          0          0          0          0   (incl. Padding)

    ----------------------------------------------------------------------

      Code (inc. data)   RO Data    RW Data    ZI Data      Debug   Library Name

       122         16          0          0          0        176   mc_w.l

    ----------------------------------------------------------------------
       122         16          0          0          0        176   Library Totals

    ----------------------------------------------------------------------

==============================================================================


      Code (inc. data)   RO Data    RW Data    ZI Data      Debug   

      5500        382        292         16       1256     508944   Grand Totals
      5500        382        292         16       1256     508944   ELF Image Totals
      5500        382        292         16          0          0   ROM Totals

==============================================================================

    Total RO  Size (Code + RO Data)                 5792 (   5.66kB)
    Total RW  Size (RW Data + ZI Data)              1272 (   1.24kB)
    Total ROM Size (Code + RO Data + RW Data)       5808 (   5.67kB)

==============================================================================

